###############################################################################
#
# IAR ELF Linker V7.20.2.7424/W32 for ARM                 13/Sep/2018  19:39:21
# Copyright 2007-2014 IAR Systems AB.
#
#    Output file  =  
#        F:\RTL8710workspace\00009982-sdk-ameba-v4.0c\sdk-ameba-v4.0c\project\wifi_sniffer\EWARM-RELEASE\Debug\Exe\application.axf
#    Map file     =  
#        F:\RTL8710workspace\00009982-sdk-ameba-v4.0c\sdk-ameba-v4.0c\project\wifi_sniffer\EWARM-RELEASE\Debug\List\application.map
#    Command line =  
#        F:\RTL8710workspace\00009982-sdk-ameba-v4.0c\sdk-ameba-v4.0c\project\wifi_sniffer\EWARM-RELEASE\Debug\Obj\aesni.o
#        F:\RTL8710workspace\00009982-sdk-ameba-v4.0c\sdk-ameba-v4.0c\project\wifi_sniffer\EWARM-RELEASE\Debug\Obj\analogin_api.o
#        F:\RTL8710workspace\00009982-sdk-ameba-v4.0c\sdk-ameba-v4.0c\project\wifi_sniffer\EWARM-RELEASE\Debug\Obj\api_lib.o
#        F:\RTL8710workspace\00009982-sdk-ameba-v4.0c\sdk-ameba-v4.0c\project\wifi_sniffer\EWARM-RELEASE\Debug\Obj\api_msg.o
#        F:\RTL8710workspace\00009982-sdk-ameba-v4.0c\sdk-ameba-v4.0c\project\wifi_sniffer\EWARM-RELEASE\Debug\Obj\app_start.o
#        F:\RTL8710workspace\00009982-sdk-ameba-v4.0c\sdk-ameba-v4.0c\project\wifi_sniffer\EWARM-RELEASE\Debug\Obj\atcmd_lwip.o
#        F:\RTL8710workspace\00009982-sdk-ameba-v4.0c\sdk-ameba-v4.0c\project\wifi_sniffer\EWARM-RELEASE\Debug\Obj\atcmd_sys.o
#        F:\RTL8710workspace\00009982-sdk-ameba-v4.0c\sdk-ameba-v4.0c\project\wifi_sniffer\EWARM-RELEASE\Debug\Obj\atcmd_wifi.o
#        F:\RTL8710workspace\00009982-sdk-ameba-v4.0c\sdk-ameba-v4.0c\project\wifi_sniffer\EWARM-RELEASE\Debug\Obj\autoip.o
#        F:\RTL8710workspace\00009982-sdk-ameba-v4.0c\sdk-ameba-v4.0c\project\wifi_sniffer\EWARM-RELEASE\Debug\Obj\blowfish.o
#        F:\RTL8710workspace\00009982-sdk-ameba-v4.0c\sdk-ameba-v4.0c\project\wifi_sniffer\EWARM-RELEASE\Debug\Obj\camellia.o
#        F:\RTL8710workspace\00009982-sdk-ameba-v4.0c\sdk-ameba-v4.0c\project\wifi_sniffer\EWARM-RELEASE\Debug\Obj\ccm.o
#        F:\RTL8710workspace\00009982-sdk-ameba-v4.0c\sdk-ameba-v4.0c\project\wifi_sniffer\EWARM-RELEASE\Debug\Obj\certs.o
#        F:\RTL8710workspace\00009982-sdk-ameba-v4.0c\sdk-ameba-v4.0c\project\wifi_sniffer\EWARM-RELEASE\Debug\Obj\cipher.o
#        F:\RTL8710workspace\00009982-sdk-ameba-v4.0c\sdk-ameba-v4.0c\project\wifi_sniffer\EWARM-RELEASE\Debug\Obj\cipher_wrap.o
#        F:\RTL8710workspace\00009982-sdk-ameba-v4.0c\sdk-ameba-v4.0c\project\wifi_sniffer\EWARM-RELEASE\Debug\Obj\cJSON.o
#        F:\RTL8710workspace\00009982-sdk-ameba-v4.0c\sdk-ameba-v4.0c\project\wifi_sniffer\EWARM-RELEASE\Debug\Obj\cloud_link.o
#        F:\RTL8710workspace\00009982-sdk-ameba-v4.0c\sdk-ameba-v4.0c\project\wifi_sniffer\EWARM-RELEASE\Debug\Obj\cmsis_os.o
#        F:\RTL8710workspace\00009982-sdk-ameba-v4.0c\sdk-ameba-v4.0c\project\wifi_sniffer\EWARM-RELEASE\Debug\Obj\croutine.o
#        F:\RTL8710workspace\00009982-sdk-ameba-v4.0c\sdk-ameba-v4.0c\project\wifi_sniffer\EWARM-RELEASE\Debug\Obj\debug.o
#        F:\RTL8710workspace\00009982-sdk-ameba-v4.0c\sdk-ameba-v4.0c\project\wifi_sniffer\EWARM-RELEASE\Debug\Obj\def.o
#        F:\RTL8710workspace\00009982-sdk-ameba-v4.0c\sdk-ameba-v4.0c\project\wifi_sniffer\EWARM-RELEASE\Debug\Obj\device_lock.o
#        F:\RTL8710workspace\00009982-sdk-ameba-v4.0c\sdk-ameba-v4.0c\project\wifi_sniffer\EWARM-RELEASE\Debug\Obj\dhcp.o
#        F:\RTL8710workspace\00009982-sdk-ameba-v4.0c\sdk-ameba-v4.0c\project\wifi_sniffer\EWARM-RELEASE\Debug\Obj\dhcps.o
#        F:\RTL8710workspace\00009982-sdk-ameba-v4.0c\sdk-ameba-v4.0c\project\wifi_sniffer\EWARM-RELEASE\Debug\Obj\dma_api.o
#        F:\RTL8710workspace\00009982-sdk-ameba-v4.0c\sdk-ameba-v4.0c\project\wifi_sniffer\EWARM-RELEASE\Debug\Obj\dns.o
#        F:\RTL8710workspace\00009982-sdk-ameba-v4.0c\sdk-ameba-v4.0c\project\wifi_sniffer\EWARM-RELEASE\Debug\Obj\ecp_ram.o
#        F:\RTL8710workspace\00009982-sdk-ameba-v4.0c\sdk-ameba-v4.0c\project\wifi_sniffer\EWARM-RELEASE\Debug\Obj\efuse_api.o
#        F:\RTL8710workspace\00009982-sdk-ameba-v4.0c\sdk-ameba-v4.0c\project\wifi_sniffer\EWARM-RELEASE\Debug\Obj\entropy.o
#        F:\RTL8710workspace\00009982-sdk-ameba-v4.0c\sdk-ameba-v4.0c\project\wifi_sniffer\EWARM-RELEASE\Debug\Obj\entropy_poll.o
#        F:\RTL8710workspace\00009982-sdk-ameba-v4.0c\sdk-ameba-v4.0c\project\wifi_sniffer\EWARM-RELEASE\Debug\Obj\err.o
#        F:\RTL8710workspace\00009982-sdk-ameba-v4.0c\sdk-ameba-v4.0c\project\wifi_sniffer\EWARM-RELEASE\Debug\Obj\error.o
#        F:\RTL8710workspace\00009982-sdk-ameba-v4.0c\sdk-ameba-v4.0c\project\wifi_sniffer\EWARM-RELEASE\Debug\Obj\etharp.o
#        F:\RTL8710workspace\00009982-sdk-ameba-v4.0c\sdk-ameba-v4.0c\project\wifi_sniffer\EWARM-RELEASE\Debug\Obj\ethernetif.o
#        F:\RTL8710workspace\00009982-sdk-ameba-v4.0c\sdk-ameba-v4.0c\project\wifi_sniffer\EWARM-RELEASE\Debug\Obj\event_groups.o
#        F:\RTL8710workspace\00009982-sdk-ameba-v4.0c\sdk-ameba-v4.0c\project\wifi_sniffer\EWARM-RELEASE\Debug\Obj\example_bcast.o
#        F:\RTL8710workspace\00009982-sdk-ameba-v4.0c\sdk-ameba-v4.0c\project\wifi_sniffer\EWARM-RELEASE\Debug\Obj\example_coap.o
#        F:\RTL8710workspace\00009982-sdk-ameba-v4.0c\sdk-ameba-v4.0c\project\wifi_sniffer\EWARM-RELEASE\Debug\Obj\example_eap.o
#        F:\RTL8710workspace\00009982-sdk-ameba-v4.0c\sdk-ameba-v4.0c\project\wifi_sniffer\EWARM-RELEASE\Debug\Obj\example_entry.o
#        F:\RTL8710workspace\00009982-sdk-ameba-v4.0c\sdk-ameba-v4.0c\project\wifi_sniffer\EWARM-RELEASE\Debug\Obj\example_get_beacon_frame.o
#        F:\RTL8710workspace\00009982-sdk-ameba-v4.0c\sdk-ameba-v4.0c\project\wifi_sniffer\EWARM-RELEASE\Debug\Obj\example_google.o
#        F:\RTL8710workspace\00009982-sdk-ameba-v4.0c\sdk-ameba-v4.0c\project\wifi_sniffer\EWARM-RELEASE\Debug\Obj\example_high_load_memory_use.o
#        F:\RTL8710workspace\00009982-sdk-ameba-v4.0c\sdk-ameba-v4.0c\project\wifi_sniffer\EWARM-RELEASE\Debug\Obj\example_http_client.o
#        F:\RTL8710workspace\00009982-sdk-ameba-v4.0c\sdk-ameba-v4.0c\project\wifi_sniffer\EWARM-RELEASE\Debug\Obj\example_http_download.o
#        F:\RTL8710workspace\00009982-sdk-ameba-v4.0c\sdk-ameba-v4.0c\project\wifi_sniffer\EWARM-RELEASE\Debug\Obj\example_httpc.o
#        F:\RTL8710workspace\00009982-sdk-ameba-v4.0c\sdk-ameba-v4.0c\project\wifi_sniffer\EWARM-RELEASE\Debug\Obj\example_httpd.o
#        F:\RTL8710workspace\00009982-sdk-ameba-v4.0c\sdk-ameba-v4.0c\project\wifi_sniffer\EWARM-RELEASE\Debug\Obj\example_inic_gspi.o
#        F:\RTL8710workspace\00009982-sdk-ameba-v4.0c\sdk-ameba-v4.0c\project\wifi_sniffer\EWARM-RELEASE\Debug\Obj\example_mcast.o
#        F:\RTL8710workspace\00009982-sdk-ameba-v4.0c\sdk-ameba-v4.0c\project\wifi_sniffer\EWARM-RELEASE\Debug\Obj\example_mdns.o
#        F:\RTL8710workspace\00009982-sdk-ameba-v4.0c\sdk-ameba-v4.0c\project\wifi_sniffer\EWARM-RELEASE\Debug\Obj\example_nonblock_connect.o
#        F:\RTL8710workspace\00009982-sdk-ameba-v4.0c\sdk-ameba-v4.0c\project\wifi_sniffer\EWARM-RELEASE\Debug\Obj\example_rarp.o
#        F:\RTL8710workspace\00009982-sdk-ameba-v4.0c\sdk-ameba-v4.0c\project\wifi_sniffer\EWARM-RELEASE\Debug\Obj\example_sntp_showtime.o
#        F:\RTL8710workspace\00009982-sdk-ameba-v4.0c\sdk-ameba-v4.0c\project\wifi_sniffer\EWARM-RELEASE\Debug\Obj\example_socket_select.o
#        F:\RTL8710workspace\00009982-sdk-ameba-v4.0c\sdk-ameba-v4.0c\project\wifi_sniffer\EWARM-RELEASE\Debug\Obj\example_ssl_download.o
#        F:\RTL8710workspace\00009982-sdk-ameba-v4.0c\sdk-ameba-v4.0c\project\wifi_sniffer\EWARM-RELEASE\Debug\Obj\example_ssl_server.o
#        F:\RTL8710workspace\00009982-sdk-ameba-v4.0c\sdk-ameba-v4.0c\project\wifi_sniffer\EWARM-RELEASE\Debug\Obj\example_tcp_keepalive.o
#        F:\RTL8710workspace\00009982-sdk-ameba-v4.0c\sdk-ameba-v4.0c\project\wifi_sniffer\EWARM-RELEASE\Debug\Obj\example_uart_atcmd.o
#        F:\RTL8710workspace\00009982-sdk-ameba-v4.0c\sdk-ameba-v4.0c\project\wifi_sniffer\EWARM-RELEASE\Debug\Obj\example_uart_update.o
#        F:\RTL8710workspace\00009982-sdk-ameba-v4.0c\sdk-ameba-v4.0c\project\wifi_sniffer\EWARM-RELEASE\Debug\Obj\example_wifi_mac_monitor.o
#        F:\RTL8710workspace\00009982-sdk-ameba-v4.0c\sdk-ameba-v4.0c\project\wifi_sniffer\EWARM-RELEASE\Debug\Obj\example_wifi_roaming.o
#        F:\RTL8710workspace\00009982-sdk-ameba-v4.0c\sdk-ameba-v4.0c\project\wifi_sniffer\EWARM-RELEASE\Debug\Obj\example_wlan_fast_connect.o
#        F:\RTL8710workspace\00009982-sdk-ameba-v4.0c\sdk-ameba-v4.0c\project\wifi_sniffer\EWARM-RELEASE\Debug\Obj\example_wlan_scenario.o
#        F:\RTL8710workspace\00009982-sdk-ameba-v4.0c\sdk-ameba-v4.0c\project\wifi_sniffer\EWARM-RELEASE\Debug\Obj\example_wsclient.o
#        F:\RTL8710workspace\00009982-sdk-ameba-v4.0c\sdk-ameba-v4.0c\project\wifi_sniffer\EWARM-RELEASE\Debug\Obj\example_xml.o
#        F:\RTL8710workspace\00009982-sdk-ameba-v4.0c\sdk-ameba-v4.0c\project\wifi_sniffer\EWARM-RELEASE\Debug\Obj\flash_api.o
#        F:\RTL8710workspace\00009982-sdk-ameba-v4.0c\sdk-ameba-v4.0c\project\wifi_sniffer\EWARM-RELEASE\Debug\Obj\freertos_service.o
#        F:\RTL8710workspace\00009982-sdk-ameba-v4.0c\sdk-ameba-v4.0c\project\wifi_sniffer\EWARM-RELEASE\Debug\Obj\gcm.o
#        F:\RTL8710workspace\00009982-sdk-ameba-v4.0c\sdk-ameba-v4.0c\project\wifi_sniffer\EWARM-RELEASE\Debug\Obj\google_tls.o
#        F:\RTL8710workspace\00009982-sdk-ameba-v4.0c\sdk-ameba-v4.0c\project\wifi_sniffer\EWARM-RELEASE\Debug\Obj\gpio_api.o
#        F:\RTL8710workspace\00009982-sdk-ameba-v4.0c\sdk-ameba-v4.0c\project\wifi_sniffer\EWARM-RELEASE\Debug\Obj\gpio_irq_api.o
#        F:\RTL8710workspace\00009982-sdk-ameba-v4.0c\sdk-ameba-v4.0c\project\wifi_sniffer\EWARM-RELEASE\Debug\Obj\havege.o
#        F:\RTL8710workspace\00009982-sdk-ameba-v4.0c\sdk-ameba-v4.0c\project\wifi_sniffer\EWARM-RELEASE\Debug\Obj\heap_5.o
#        F:\RTL8710workspace\00009982-sdk-ameba-v4.0c\sdk-ameba-v4.0c\project\wifi_sniffer\EWARM-RELEASE\Debug\Obj\http_client.o
#        F:\RTL8710workspace\00009982-sdk-ameba-v4.0c\sdk-ameba-v4.0c\project\wifi_sniffer\EWARM-RELEASE\Debug\Obj\httpc_tls.o
#        F:\RTL8710workspace\00009982-sdk-ameba-v4.0c\sdk-ameba-v4.0c\project\wifi_sniffer\EWARM-RELEASE\Debug\Obj\httpd_tls.o
#        F:\RTL8710workspace\00009982-sdk-ameba-v4.0c\sdk-ameba-v4.0c\project\wifi_sniffer\EWARM-RELEASE\Debug\Obj\i2c_api.o
#        F:\RTL8710workspace\00009982-sdk-ameba-v4.0c\sdk-ameba-v4.0c\project\wifi_sniffer\EWARM-RELEASE\Debug\Obj\i2s_api.o
#        F:\RTL8710workspace\00009982-sdk-ameba-v4.0c\sdk-ameba-v4.0c\project\wifi_sniffer\EWARM-RELEASE\Debug\Obj\icmp.o
#        F:\RTL8710workspace\00009982-sdk-ameba-v4.0c\sdk-ameba-v4.0c\project\wifi_sniffer\EWARM-RELEASE\Debug\Obj\igmp.o
#        F:\RTL8710workspace\00009982-sdk-ameba-v4.0c\sdk-ameba-v4.0c\project\wifi_sniffer\EWARM-RELEASE\Debug\Obj\inet.o
#        F:\RTL8710workspace\00009982-sdk-ameba-v4.0c\sdk-ameba-v4.0c\project\wifi_sniffer\EWARM-RELEASE\Debug\Obj\inet_chksum.o
#        F:\RTL8710workspace\00009982-sdk-ameba-v4.0c\sdk-ameba-v4.0c\project\wifi_sniffer\EWARM-RELEASE\Debug\Obj\init.o
#        F:\RTL8710workspace\00009982-sdk-ameba-v4.0c\sdk-ameba-v4.0c\project\wifi_sniffer\EWARM-RELEASE\Debug\Obj\ip.o
#        F:\RTL8710workspace\00009982-sdk-ameba-v4.0c\sdk-ameba-v4.0c\project\wifi_sniffer\EWARM-RELEASE\Debug\Obj\ip_addr.o
#        F:\RTL8710workspace\00009982-sdk-ameba-v4.0c\sdk-ameba-v4.0c\project\wifi_sniffer\EWARM-RELEASE\Debug\Obj\ip_frag.o
#        F:\RTL8710workspace\00009982-sdk-ameba-v4.0c\sdk-ameba-v4.0c\component\soc\realtek\8711b\misc\bsp\lib\common\IAR\lib_http.a
#        F:\RTL8710workspace\00009982-sdk-ameba-v4.0c\sdk-ameba-v4.0c\component\soc\realtek\8711b\misc\bsp\lib\common\IAR\lib_mdns.a
#        F:\RTL8710workspace\00009982-sdk-ameba-v4.0c\sdk-ameba-v4.0c\component\soc\realtek\8711b\misc\bsp\lib\common\IAR\lib_platform.a
#        F:\RTL8710workspace\00009982-sdk-ameba-v4.0c\sdk-ameba-v4.0c\component\soc\realtek\8711b\misc\bsp\lib\common\IAR\lib_rtlstd.a
#        F:\RTL8710workspace\00009982-sdk-ameba-v4.0c\sdk-ameba-v4.0c\component\soc\realtek\8711b\misc\bsp\lib\common\IAR\lib_wlan.a
#        F:\RTL8710workspace\00009982-sdk-ameba-v4.0c\sdk-ameba-v4.0c\component\soc\realtek\8711b\misc\bsp\lib\common\IAR\lib_wps.a
#        F:\RTL8710workspace\00009982-sdk-ameba-v4.0c\sdk-ameba-v4.0c\component\soc\realtek\8711b\misc\bsp\lib\common\IAR\lib_xmodem.a
#        F:\RTL8710workspace\00009982-sdk-ameba-v4.0c\sdk-ameba-v4.0c\project\wifi_sniffer\EWARM-RELEASE\Debug\Obj\list.o
#        F:\RTL8710workspace\00009982-sdk-ameba-v4.0c\sdk-ameba-v4.0c\project\wifi_sniffer\EWARM-RELEASE\Debug\Obj\log_service.o
#        F:\RTL8710workspace\00009982-sdk-ameba-v4.0c\sdk-ameba-v4.0c\project\wifi_sniffer\EWARM-RELEASE\Debug\Obj\low_level_io.o
#        F:\RTL8710workspace\00009982-sdk-ameba-v4.0c\sdk-ameba-v4.0c\project\wifi_sniffer\EWARM-RELEASE\Debug\Obj\lwip_intf.o
#        F:\RTL8710workspace\00009982-sdk-ameba-v4.0c\sdk-ameba-v4.0c\project\wifi_sniffer\EWARM-RELEASE\Debug\Obj\lwip_netconf.o
#        F:\RTL8710workspace\00009982-sdk-ameba-v4.0c\sdk-ameba-v4.0c\project\wifi_sniffer\EWARM-RELEASE\Debug\Obj\lwip_timers.o
#        F:\RTL8710workspace\00009982-sdk-ameba-v4.0c\sdk-ameba-v4.0c\project\wifi_sniffer\EWARM-RELEASE\Debug\Obj\main.o
#        F:\RTL8710workspace\00009982-sdk-ameba-v4.0c\sdk-ameba-v4.0c\project\wifi_sniffer\EWARM-RELEASE\Debug\Obj\md2.o
#        F:\RTL8710workspace\00009982-sdk-ameba-v4.0c\sdk-ameba-v4.0c\project\wifi_sniffer\EWARM-RELEASE\Debug\Obj\md4.o
#        F:\RTL8710workspace\00009982-sdk-ameba-v4.0c\sdk-ameba-v4.0c\project\wifi_sniffer\EWARM-RELEASE\Debug\Obj\mDNSPlatform.o
#        F:\RTL8710workspace\00009982-sdk-ameba-v4.0c\sdk-ameba-v4.0c\project\wifi_sniffer\EWARM-RELEASE\Debug\Obj\mem.o
#        F:\RTL8710workspace\00009982-sdk-ameba-v4.0c\sdk-ameba-v4.0c\project\wifi_sniffer\EWARM-RELEASE\Debug\Obj\memory_buffer_alloc.o
#        F:\RTL8710workspace\00009982-sdk-ameba-v4.0c\sdk-ameba-v4.0c\project\wifi_sniffer\EWARM-RELEASE\Debug\Obj\memp.o
#        F:\RTL8710workspace\00009982-sdk-ameba-v4.0c\sdk-ameba-v4.0c\project\wifi_sniffer\EWARM-RELEASE\Debug\Obj\monitor.o
#        F:\RTL8710workspace\00009982-sdk-ameba-v4.0c\sdk-ameba-v4.0c\project\wifi_sniffer\EWARM-RELEASE\Debug\Obj\my_promic.o
#        F:\RTL8710workspace\00009982-sdk-ameba-v4.0c\sdk-ameba-v4.0c\project\wifi_sniffer\EWARM-RELEASE\Debug\Obj\net.o
#        F:\RTL8710workspace\00009982-sdk-ameba-v4.0c\sdk-ameba-v4.0c\project\wifi_sniffer\EWARM-RELEASE\Debug\Obj\netbuf.o
#        F:\RTL8710workspace\00009982-sdk-ameba-v4.0c\sdk-ameba-v4.0c\project\wifi_sniffer\EWARM-RELEASE\Debug\Obj\netdb.o
#        F:\RTL8710workspace\00009982-sdk-ameba-v4.0c\sdk-ameba-v4.0c\project\wifi_sniffer\EWARM-RELEASE\Debug\Obj\netif.o
#        F:\RTL8710workspace\00009982-sdk-ameba-v4.0c\sdk-ameba-v4.0c\project\wifi_sniffer\EWARM-RELEASE\Debug\Obj\netifapi.o
#        F:\RTL8710workspace\00009982-sdk-ameba-v4.0c\sdk-ameba-v4.0c\project\wifi_sniffer\EWARM-RELEASE\Debug\Obj\nfc_api.o
#        F:\RTL8710workspace\00009982-sdk-ameba-v4.0c\sdk-ameba-v4.0c\project\wifi_sniffer\EWARM-RELEASE\Debug\Obj\osdep_service.o
#        F:\RTL8710workspace\00009982-sdk-ameba-v4.0c\sdk-ameba-v4.0c\project\wifi_sniffer\EWARM-RELEASE\Debug\Obj\padlock.o
#        F:\RTL8710workspace\00009982-sdk-ameba-v4.0c\sdk-ameba-v4.0c\project\wifi_sniffer\EWARM-RELEASE\Debug\Obj\pbkdf2.o
#        F:\RTL8710workspace\00009982-sdk-ameba-v4.0c\sdk-ameba-v4.0c\project\wifi_sniffer\EWARM-RELEASE\Debug\Obj\pbuf.o
#        F:\RTL8710workspace\00009982-sdk-ameba-v4.0c\sdk-ameba-v4.0c\project\wifi_sniffer\EWARM-RELEASE\Debug\Obj\ping_test.o
#        F:\RTL8710workspace\00009982-sdk-ameba-v4.0c\sdk-ameba-v4.0c\project\wifi_sniffer\EWARM-RELEASE\Debug\Obj\pinmap.o
#        F:\RTL8710workspace\00009982-sdk-ameba-v4.0c\sdk-ameba-v4.0c\project\wifi_sniffer\EWARM-RELEASE\Debug\Obj\pinmap_common.o
#        F:\RTL8710workspace\00009982-sdk-ameba-v4.0c\sdk-ameba-v4.0c\project\wifi_sniffer\EWARM-RELEASE\Debug\Obj\pkcs11.o
#        F:\RTL8710workspace\00009982-sdk-ameba-v4.0c\sdk-ameba-v4.0c\project\wifi_sniffer\EWARM-RELEASE\Debug\Obj\pkcs12.o
#        F:\RTL8710workspace\00009982-sdk-ameba-v4.0c\sdk-ameba-v4.0c\project\wifi_sniffer\EWARM-RELEASE\Debug\Obj\pkcs5.o
#        F:\RTL8710workspace\00009982-sdk-ameba-v4.0c\sdk-ameba-v4.0c\project\wifi_sniffer\EWARM-RELEASE\Debug\Obj\pkparse.o
#        F:\RTL8710workspace\00009982-sdk-ameba-v4.0c\sdk-ameba-v4.0c\project\wifi_sniffer\EWARM-RELEASE\Debug\Obj\platform.o
#        F:\RTL8710workspace\00009982-sdk-ameba-v4.0c\sdk-ameba-v4.0c\project\wifi_sniffer\EWARM-RELEASE\Debug\Obj\port.o
#        F:\RTL8710workspace\00009982-sdk-ameba-v4.0c\sdk-ameba-v4.0c\project\wifi_sniffer\EWARM-RELEASE\Debug\Obj\port_api.o
#        F:\RTL8710workspace\00009982-sdk-ameba-v4.0c\sdk-ameba-v4.0c\project\wifi_sniffer\EWARM-RELEASE\Debug\Obj\portasm.o
#        F:\RTL8710workspace\00009982-sdk-ameba-v4.0c\sdk-ameba-v4.0c\project\wifi_sniffer\EWARM-RELEASE\Debug\Obj\pwmout_api.o
#        F:\RTL8710workspace\00009982-sdk-ameba-v4.0c\sdk-ameba-v4.0c\project\wifi_sniffer\EWARM-RELEASE\Debug\Obj\queue.o
#        F:\RTL8710workspace\00009982-sdk-ameba-v4.0c\sdk-ameba-v4.0c\project\wifi_sniffer\EWARM-RELEASE\Debug\Obj\raw.o
#        F:\RTL8710workspace\00009982-sdk-ameba-v4.0c\sdk-ameba-v4.0c\project\wifi_sniffer\EWARM-RELEASE\Debug\Obj\ripemd160.o
#        F:\RTL8710workspace\00009982-sdk-ameba-v4.0c\sdk-ameba-v4.0c\project\wifi_sniffer\EWARM-RELEASE\Debug\Obj\rtc_api.o
#        F:\RTL8710workspace\00009982-sdk-ameba-v4.0c\sdk-ameba-v4.0c\project\wifi_sniffer\EWARM-RELEASE\Debug\Obj\rtl8710b_dsleepcfg.o
#        F:\RTL8710workspace\00009982-sdk-ameba-v4.0c\sdk-ameba-v4.0c\project\wifi_sniffer\EWARM-RELEASE\Debug\Obj\rtl8710b_dstandbycfg.o
#        F:\RTL8710workspace\00009982-sdk-ameba-v4.0c\sdk-ameba-v4.0c\project\wifi_sniffer\EWARM-RELEASE\Debug\Obj\rtl8710b_intfcfg.o
#        F:\RTL8710workspace\00009982-sdk-ameba-v4.0c\sdk-ameba-v4.0c\project\wifi_sniffer\EWARM-RELEASE\Debug\Obj\rtl8710b_ota.o
#        F:\RTL8710workspace\00009982-sdk-ameba-v4.0c\sdk-ameba-v4.0c\project\wifi_sniffer\EWARM-RELEASE\Debug\Obj\rtl8710b_pinmapcfg.o
#        F:\RTL8710workspace\00009982-sdk-ameba-v4.0c\sdk-ameba-v4.0c\project\wifi_sniffer\EWARM-RELEASE\Debug\Obj\rtl8710b_sleepcfg.o
#        F:\RTL8710workspace\00009982-sdk-ameba-v4.0c\sdk-ameba-v4.0c\project\wifi_sniffer\EWARM-RELEASE\Debug\Obj\rtl_consol.o
#        F:\RTL8710workspace\00009982-sdk-ameba-v4.0c\sdk-ameba-v4.0c\project\wifi_sniffer\EWARM-RELEASE\Debug\Obj\rtl_trace.o
#        F:\RTL8710workspace\00009982-sdk-ameba-v4.0c\sdk-ameba-v4.0c\project\wifi_sniffer\EWARM-RELEASE\Debug\Obj\serial_api.o
#        F:\RTL8710workspace\00009982-sdk-ameba-v4.0c\sdk-ameba-v4.0c\project\wifi_sniffer\EWARM-RELEASE\Debug\Obj\shtc1.o
#        F:\RTL8710workspace\00009982-sdk-ameba-v4.0c\sdk-ameba-v4.0c\project\wifi_sniffer\EWARM-RELEASE\Debug\Obj\sleep.o
#        F:\RTL8710workspace\00009982-sdk-ameba-v4.0c\sdk-ameba-v4.0c\project\wifi_sniffer\EWARM-RELEASE\Debug\Obj\sn_coap_ameba_port.o
#        F:\RTL8710workspace\00009982-sdk-ameba-v4.0c\sdk-ameba-v4.0c\project\wifi_sniffer\EWARM-RELEASE\Debug\Obj\sn_coap_builder.o
#        F:\RTL8710workspace\00009982-sdk-ameba-v4.0c\sdk-ameba-v4.0c\project\wifi_sniffer\EWARM-RELEASE\Debug\Obj\sn_coap_header_check.o
#        F:\RTL8710workspace\00009982-sdk-ameba-v4.0c\sdk-ameba-v4.0c\project\wifi_sniffer\EWARM-RELEASE\Debug\Obj\sn_coap_parser.o
#        F:\RTL8710workspace\00009982-sdk-ameba-v4.0c\sdk-ameba-v4.0c\project\wifi_sniffer\EWARM-RELEASE\Debug\Obj\sn_coap_protocol.o
#        F:\RTL8710workspace\00009982-sdk-ameba-v4.0c\sdk-ameba-v4.0c\project\wifi_sniffer\EWARM-RELEASE\Debug\Obj\sockets.o
#        F:\RTL8710workspace\00009982-sdk-ameba-v4.0c\sdk-ameba-v4.0c\project\wifi_sniffer\EWARM-RELEASE\Debug\Obj\spi_api.o
#        F:\RTL8710workspace\00009982-sdk-ameba-v4.0c\sdk-ameba-v4.0c\project\wifi_sniffer\EWARM-RELEASE\Debug\Obj\ssl_cache.o
#        F:\RTL8710workspace\00009982-sdk-ameba-v4.0c\sdk-ameba-v4.0c\project\wifi_sniffer\EWARM-RELEASE\Debug\Obj\ssl_ciphersuites.o
#        F:\RTL8710workspace\00009982-sdk-ameba-v4.0c\sdk-ameba-v4.0c\project\wifi_sniffer\EWARM-RELEASE\Debug\Obj\ssl_cli.o
#        F:\RTL8710workspace\00009982-sdk-ameba-v4.0c\sdk-ameba-v4.0c\project\wifi_sniffer\EWARM-RELEASE\Debug\Obj\ssl_client.o
#        F:\RTL8710workspace\00009982-sdk-ameba-v4.0c\sdk-ameba-v4.0c\project\wifi_sniffer\EWARM-RELEASE\Debug\Obj\ssl_ram_map.o
#        F:\RTL8710workspace\00009982-sdk-ameba-v4.0c\sdk-ameba-v4.0c\project\wifi_sniffer\EWARM-RELEASE\Debug\Obj\ssl_srv.o
#        F:\RTL8710workspace\00009982-sdk-ameba-v4.0c\sdk-ameba-v4.0c\project\wifi_sniffer\EWARM-RELEASE\Debug\Obj\ssl_tls.o
#        F:\RTL8710workspace\00009982-sdk-ameba-v4.0c\sdk-ameba-v4.0c\project\wifi_sniffer\EWARM-RELEASE\Debug\Obj\startup.o
#        F:\RTL8710workspace\00009982-sdk-ameba-v4.0c\sdk-ameba-v4.0c\project\wifi_sniffer\EWARM-RELEASE\Debug\Obj\stats.o
#        F:\RTL8710workspace\00009982-sdk-ameba-v4.0c\sdk-ameba-v4.0c\project\wifi_sniffer\EWARM-RELEASE\Debug\Obj\sys.o
#        F:\RTL8710workspace\00009982-sdk-ameba-v4.0c\sdk-ameba-v4.0c\project\wifi_sniffer\EWARM-RELEASE\Debug\Obj\sys_api.o
#        F:\RTL8710workspace\00009982-sdk-ameba-v4.0c\sdk-ameba-v4.0c\project\wifi_sniffer\EWARM-RELEASE\Debug\Obj\sys_arch.o
#        F:\RTL8710workspace\00009982-sdk-ameba-v4.0c\sdk-ameba-v4.0c\project\wifi_sniffer\EWARM-RELEASE\Debug\Obj\tasks.o
#        F:\RTL8710workspace\00009982-sdk-ameba-v4.0c\sdk-ameba-v4.0c\project\wifi_sniffer\EWARM-RELEASE\Debug\Obj\tcp.o
#        F:\RTL8710workspace\00009982-sdk-ameba-v4.0c\sdk-ameba-v4.0c\project\wifi_sniffer\EWARM-RELEASE\Debug\Obj\tcp_in.o
#        F:\RTL8710workspace\00009982-sdk-ameba-v4.0c\sdk-ameba-v4.0c\project\wifi_sniffer\EWARM-RELEASE\Debug\Obj\tcp_out.o
#        F:\RTL8710workspace\00009982-sdk-ameba-v4.0c\sdk-ameba-v4.0c\project\wifi_sniffer\EWARM-RELEASE\Debug\Obj\tcpip.o
#        F:\RTL8710workspace\00009982-sdk-ameba-v4.0c\sdk-ameba-v4.0c\project\wifi_sniffer\EWARM-RELEASE\Debug\Obj\tcptest.o
#        F:\RTL8710workspace\00009982-sdk-ameba-v4.0c\sdk-ameba-v4.0c\project\wifi_sniffer\EWARM-RELEASE\Debug\Obj\threading.o
#        F:\RTL8710workspace\00009982-sdk-ameba-v4.0c\sdk-ameba-v4.0c\project\wifi_sniffer\EWARM-RELEASE\Debug\Obj\timer_api.o
#        F:\RTL8710workspace\00009982-sdk-ameba-v4.0c\sdk-ameba-v4.0c\project\wifi_sniffer\EWARM-RELEASE\Debug\Obj\timers.o
#        F:\RTL8710workspace\00009982-sdk-ameba-v4.0c\sdk-ameba-v4.0c\project\wifi_sniffer\EWARM-RELEASE\Debug\Obj\timing.o
#        F:\RTL8710workspace\00009982-sdk-ameba-v4.0c\sdk-ameba-v4.0c\project\wifi_sniffer\EWARM-RELEASE\Debug\Obj\uart_adapter.o
#        F:\RTL8710workspace\00009982-sdk-ameba-v4.0c\sdk-ameba-v4.0c\project\wifi_sniffer\EWARM-RELEASE\Debug\Obj\uart_fw_update.o
#        F:\RTL8710workspace\00009982-sdk-ameba-v4.0c\sdk-ameba-v4.0c\project\wifi_sniffer\EWARM-RELEASE\Debug\Obj\uart_socket.o
#        F:\RTL8710workspace\00009982-sdk-ameba-v4.0c\sdk-ameba-v4.0c\project\wifi_sniffer\EWARM-RELEASE\Debug\Obj\udp.o
#        F:\RTL8710workspace\00009982-sdk-ameba-v4.0c\sdk-ameba-v4.0c\project\wifi_sniffer\EWARM-RELEASE\Debug\Obj\us_ticker.o
#        F:\RTL8710workspace\00009982-sdk-ameba-v4.0c\sdk-ameba-v4.0c\project\wifi_sniffer\EWARM-RELEASE\Debug\Obj\us_ticker_api.o
#        F:\RTL8710workspace\00009982-sdk-ameba-v4.0c\sdk-ameba-v4.0c\project\wifi_sniffer\EWARM-RELEASE\Debug\Obj\version.o
#        F:\RTL8710workspace\00009982-sdk-ameba-v4.0c\sdk-ameba-v4.0c\project\wifi_sniffer\EWARM-RELEASE\Debug\Obj\version_features.o
#        F:\RTL8710workspace\00009982-sdk-ameba-v4.0c\sdk-ameba-v4.0c\project\wifi_sniffer\EWARM-RELEASE\Debug\Obj\wait_api.o
#        F:\RTL8710workspace\00009982-sdk-ameba-v4.0c\sdk-ameba-v4.0c\project\wifi_sniffer\EWARM-RELEASE\Debug\Obj\wdt_api.o
#        F:\RTL8710workspace\00009982-sdk-ameba-v4.0c\sdk-ameba-v4.0c\project\wifi_sniffer\EWARM-RELEASE\Debug\Obj\webserver.o
#        F:\RTL8710workspace\00009982-sdk-ameba-v4.0c\sdk-ameba-v4.0c\project\wifi_sniffer\EWARM-RELEASE\Debug\Obj\wifi_conf.o
#        F:\RTL8710workspace\00009982-sdk-ameba-v4.0c\sdk-ameba-v4.0c\project\wifi_sniffer\EWARM-RELEASE\Debug\Obj\wifi_eap_config.o
#        F:\RTL8710workspace\00009982-sdk-ameba-v4.0c\sdk-ameba-v4.0c\project\wifi_sniffer\EWARM-RELEASE\Debug\Obj\wifi_ind.o
#        F:\RTL8710workspace\00009982-sdk-ameba-v4.0c\sdk-ameba-v4.0c\project\wifi_sniffer\EWARM-RELEASE\Debug\Obj\wifi_promisc.o
#        F:\RTL8710workspace\00009982-sdk-ameba-v4.0c\sdk-ameba-v4.0c\project\wifi_sniffer\EWARM-RELEASE\Debug\Obj\wifi_simple_config.o
#        F:\RTL8710workspace\00009982-sdk-ameba-v4.0c\sdk-ameba-v4.0c\project\wifi_sniffer\EWARM-RELEASE\Debug\Obj\wifi_sniffer.o
#        F:\RTL8710workspace\00009982-sdk-ameba-v4.0c\sdk-ameba-v4.0c\project\wifi_sniffer\EWARM-RELEASE\Debug\Obj\wifi_util.o
#        F:\RTL8710workspace\00009982-sdk-ameba-v4.0c\sdk-ameba-v4.0c\project\wifi_sniffer\EWARM-RELEASE\Debug\Obj\wifi_wps_config.o
#        F:\RTL8710workspace\00009982-sdk-ameba-v4.0c\sdk-ameba-v4.0c\project\wifi_sniffer\EWARM-RELEASE\Debug\Obj\wigadget.o
#        F:\RTL8710workspace\00009982-sdk-ameba-v4.0c\sdk-ameba-v4.0c\project\wifi_sniffer\EWARM-RELEASE\Debug\Obj\wlan_network.o
#        F:\RTL8710workspace\00009982-sdk-ameba-v4.0c\sdk-ameba-v4.0c\project\wifi_sniffer\EWARM-RELEASE\Debug\Obj\x509.o
#        F:\RTL8710workspace\00009982-sdk-ameba-v4.0c\sdk-ameba-v4.0c\project\wifi_sniffer\EWARM-RELEASE\Debug\Obj\x509_create.o
#        F:\RTL8710workspace\00009982-sdk-ameba-v4.0c\sdk-ameba-v4.0c\project\wifi_sniffer\EWARM-RELEASE\Debug\Obj\x509_crl.o
#        F:\RTL8710workspace\00009982-sdk-ameba-v4.0c\sdk-ameba-v4.0c\project\wifi_sniffer\EWARM-RELEASE\Debug\Obj\x509_crt.o
#        F:\RTL8710workspace\00009982-sdk-ameba-v4.0c\sdk-ameba-v4.0c\project\wifi_sniffer\EWARM-RELEASE\Debug\Obj\x509_csr.o
#        F:\RTL8710workspace\00009982-sdk-ameba-v4.0c\sdk-ameba-v4.0c\project\wifi_sniffer\EWARM-RELEASE\Debug\Obj\x509write_crt.o
#        F:\RTL8710workspace\00009982-sdk-ameba-v4.0c\sdk-ameba-v4.0c\project\wifi_sniffer\EWARM-RELEASE\Debug\Obj\x509write_csr.o
#        F:\RTL8710workspace\00009982-sdk-ameba-v4.0c\sdk-ameba-v4.0c\project\wifi_sniffer\EWARM-RELEASE\Debug\Obj\xml.o
#        F:\RTL8710workspace\00009982-sdk-ameba-v4.0c\sdk-ameba-v4.0c\project\wifi_sniffer\EWARM-RELEASE\Debug\Obj\xtea.o
#        -o
#        F:\RTL8710workspace\00009982-sdk-ameba-v4.0c\sdk-ameba-v4.0c\project\wifi_sniffer\EWARM-RELEASE\Debug\Exe\application.axf
#        --redirect _Printf=_PrintfTiny --redirect _Scanf=_ScanfSmallNoMb
#        --keep bootloader
#        --image_input=F:\RTL8710workspace\00009982-sdk-ameba-v4.0c\sdk-ameba-v4.0c\project\wifi_sniffer\EWARM-RELEASE\..\..\..\component\soc\realtek\8711b\misc\bsp\image\boot_all.bin,bootloader,LOADER,4
#        --map
#        F:\RTL8710workspace\00009982-sdk-ameba-v4.0c\sdk-ameba-v4.0c\project\wifi_sniffer\EWARM-RELEASE\Debug\List\application.map
#        --log veneers --log_file
#        F:\RTL8710workspace\00009982-sdk-ameba-v4.0c\sdk-ameba-v4.0c\project\wifi_sniffer\EWARM-RELEASE\Debug\List\application.log
#        --config
#        F:\RTL8710workspace\00009982-sdk-ameba-v4.0c\sdk-ameba-v4.0c\project\wifi_sniffer\EWARM-RELEASE\image2.icf
#        --diag_suppress Lp005,Lp006 --entry Reset_Handler --no_exceptions
#        --no_vfe
#
###############################################################################

*******************************************************************************
*** RUNTIME MODEL ATTRIBUTES
***

CppFlavor                     = *
__Heap_Handler                = DLMalloc
__SystemLibrary               = DLib
__dlib_dynamic_initialization = normal


*******************************************************************************
*** PLACEMENT SUMMARY
***

"A4":  place at start of [0x10005000-0x1003dfff] {
          rw, block IMAGE2, block .ram_image2.bss, block .ram_image2.skb.bss,
          block .ram_heap.data, section .heap.stdlib };
"A5":  place at start of [0x08000020-0x08003fff] {
          block Bootloader, rw, block .xip_image1.text };
"A6":  place at start of [0x0800b020-0x080fffff] { rw, block .xip_image2.text };

  Section                 Kind        Address     Size  Object
  -------                 ----        -------     ----  ------
"A5":                                           0x1110
  Bootloader                       0x08000020   0x1110  <Block>
    LOADER                const    0x08000020   0x1110  boot_all.bin [1]
                                 - 0x08001130   0x1110

"A6":                                          0x481dc
  .xip_image2.text                 0x0800b020  0x481dc  <Block>
    .img2_custom_signature
                          const    0x0800b020     0x20  rtl8710b_ota.o [2]
    .text                 ro code  0x0800b040    0x488  api_lib.o [2]
    Veneer                ro code  0x0800b4c8      0x8  - Linker created -
    .text                 ro code  0x0800b4d0    0xb64  api_msg.o [2]
    .text                 ro code  0x0800c034    0x1f2  sys_arch.o [2]
    .text                 ro code  0x0800c226     0x1e  xsscin.o [4]
    .text                 ro code  0x0800c244     0xd8  memp.o [2]
    .text                 ro code  0x0800c31c    0x214  tcpip.o [2]
    Veneer                ro code  0x0800c530      0x8  - Linker created -
    .text                 ro code  0x0800c538    0x462  pbuf.o [2]
    .text                 ro code  0x0800c99a     0x74  netbuf.o [2]
    .text                 ro code  0x0800ca0e     0x22  zero_init3.o [12]
    Veneer                ro code  0x0800ca30      0x8  - Linker created -
    .text                 ro code  0x0800ca38    0xb34  tcp.o [2]
    .text                 ro code  0x0800d56c    0x410  udp.o [2]
    .text                 ro code  0x0800d97c    0x174  raw.o [2]
    .text                 ro code  0x0800daf0    0xa60  tcp_out.o [2]
    Veneer                ro code  0x0800e550      0x8  - Linker created -
    .text                 ro code  0x0800e558    0x6ac  dns.o [2]
    .text                 ro code  0x0800ec04    0x4a2  queue.o [2]
    Veneer                ro code  0x0800f0a8      0x8  - Linker created -
    .text                 ro code  0x0800f0b0    0x8a4  tasks.o [2]
    .text                 ro code  0x0800f954    0x15c  port.o [2]
    .text                 ro code  0x0800fab0    0x264  lwip_timers.o [2]
    .text                 ro code  0x0800fd14    0x738  etharp.o [2]
    .text                 ro code  0x0801044c    0x35c  ip.o [2]
    .text                 ro code  0x080107a8     0x2e  init.o [2]
    .text                 ro code  0x080107d8    0x260  mem.o [2]
    .text                 ro code  0x08010a38    0x1da  ip_addr.o [2]
    .text                 ro code  0x08010c12     0x26  def.o [2]
    .text                 ro code  0x08010c38    0x13a  inet_chksum.o [2]
    .text                 ro code  0x08010d74    0x188  icmp.o [2]
    .text                 ro code  0x08010efc     0xe0  rand.o [4]
    .text                 ro code  0x08010fdc     0x8e  list.o [2]
    .text                 ro code  0x0801106c    0x1c8  heap_5.o [2]
    .text                 ro code  0x08011234    0x34c  timers.o [2]
    Veneer                ro code  0x08011580      0x8  - Linker created -
    Veneer                ro code  0x08011588      0x8  - Linker created -
    Veneer                ro code  0x08011590      0x8  - Linker created -
    Veneer                ro code  0x08011598      0x8  - Linker created -
    Veneer                ro code  0x080115a0      0x8  - Linker created -
    Veneer                ro code  0x080115a8      0x8  - Linker created -
    .text                 ro code  0x080115b0    0x5c4  rtl8710b_freertos_pmu.o [7]
    .text                 ro code  0x08011b74     0x24  printf.o [4]
    .text                 ro code  0x08011b98    0x508  ip_frag.o [2]
    .text                 ro code  0x080120a0    0xda2  dhcp.o [2]
    .text                 ro code  0x08012e44    0x2e2  autoip.o [2]
    .text                 ro code  0x08013128    0x3f0  igmp.o [2]
    .text                 ro code  0x08013518      0x6  ABImemclr.o [12]
    .text                 ro code  0x08013520    0xed8  tcp_in.o [2]
    .text                 ro code  0x080143f8    0x18e  netif.o [2]
    .text                 ro code  0x08014588    0xc2c  sockets.o [2]
    .text                 ro code  0x080151b4      0x2  xtls.o [4]
    Veneer                ro code  0x080151b8      0x8  - Linker created -
    Veneer                ro code  0x080151c0      0x8  - Linker created -
    Veneer                ro code  0x080151c8      0x8  - Linker created -
    Veneer                ro code  0x080151d0      0x8  - Linker created -
    Veneer                ro code  0x080151d8      0x8  - Linker created -
    Veneer                ro code  0x080151e0      0x8  - Linker created -
    Veneer                ro code  0x080151e8      0x8  - Linker created -
    Veneer                ro code  0x080151f0      0x8  - Linker created -
    Veneer                ro code  0x080151f8      0x8  - Linker created -
    Veneer                ro code  0x08015200      0x8  - Linker created -
    Veneer                ro code  0x08015208      0x8  - Linker created -
    Veneer                ro code  0x08015210      0x8  - Linker created -
    .text                 ro code  0x08015218    0x10c  system_8195a.o [7]
    .text                 ro code  0x08015324    0x4f0  osdep_service.o [2]
    .text                 ro code  0x08015814    0x3c4  lwip_netconf.o [2]
    Veneer                ro code  0x08015bd8      0x8  - Linker created -
    Veneer                ro code  0x08015be0      0x8  - Linker created -
    Veneer                ro code  0x08015be8      0x8  - Linker created -
    Veneer                ro code  0x08015bf0      0x8  - Linker created -
    Veneer                ro code  0x08015bf8      0x8  - Linker created -
    Veneer                ro code  0x08015c00      0x8  - Linker created -
    Veneer                ro code  0x08015c08      0x8  - Linker created -
    Veneer                ro code  0x08015c10      0x8  - Linker created -
    Veneer                ro code  0x08015c18      0x8  - Linker created -
    Veneer                ro code  0x08015c20      0x8  - Linker created -
    Veneer                ro code  0x08015c28      0x8  - Linker created -
    Veneer                ro code  0x08015c30      0x8  - Linker created -
    Veneer                ro code  0x08015c38      0x8  - Linker created -
    Veneer                ro code  0x08015c40      0x8  - Linker created -
    Veneer                ro code  0x08015c48      0x8  - Linker created -
    Veneer                ro code  0x08015c50      0x8  - Linker created -
    Veneer                ro code  0x08015c58      0x8  - Linker created -
    Veneer                ro code  0x08015c60      0x8  - Linker created -
    Veneer                ro code  0x08015c68      0x8  - Linker created -
    Veneer                ro code  0x08015c70      0x8  - Linker created -
    Veneer                ro code  0x08015c78      0x8  - Linker created -
    Veneer                ro code  0x08015c80      0x8  - Linker created -
    Veneer                ro code  0x08015c88      0x8  - Linker created -
    Veneer                ro code  0x08015c90      0x8  - Linker created -
    Veneer                ro code  0x08015c98      0x8  - Linker created -
    .text                 ro code  0x08015ca0    0x694  rtl8710b_psm.o [7]
    .text                 ro code  0x08016334    0x150  xprintftiny.o [4]
    .text                 ro code  0x08016484     0x1c  I32ToDbl.o [11]
    .text                 ro code  0x080164a0    0x1a2  DblMul.o [11]
    .text                 ro code  0x08016644     0x2c  DblToI32.o [11]
    .text                 ro code  0x08016670     0x20  srand.o [4]
    .text                 ro code  0x08016690     0x66  ABImemset.o [12]
    Veneer                ro code  0x080166f8      0x8  - Linker created -
    Veneer                ro code  0x08016700      0x8  - Linker created -
    Veneer                ro code  0x08016708      0x8  - Linker created -
    Veneer                ro code  0x08016710      0x8  - Linker created -
    .text                 ro code  0x08016718    0x12c  ram_libc.o [8]
    .text                 ro code  0x08016844     0xb4  wifi_ind.o [2]
    Veneer                ro code  0x080168f8      0x8  - Linker created -
    .text                 ro code  0x08016900    0x810  lxbus_suspend.o [9]
    .text                 ro code  0x08017110     0x10  rtl8710b_bor.o [7]
    Veneer                ro code  0x08017120      0x8  - Linker created -
    .text                 ro code  0x08017128     0xac  rtl8710b_pinmap.o [7]
    Veneer                ro code  0x080171d4      0x8  - Linker created -
    Veneer                ro code  0x080171dc      0x8  - Linker created -
    Veneer                ro code  0x080171e4      0x8  - Linker created -
    Veneer                ro code  0x080171ec      0x8  - Linker created -
    Veneer                ro code  0x080171f4      0x8  - Linker created -
    Veneer                ro code  0x080171fc      0x8  - Linker created -
    Veneer                ro code  0x08017204      0x8  - Linker created -
    Veneer                ro code  0x0801720c      0x8  - Linker created -
    Veneer                ro code  0x08017214      0x8  - Linker created -
    Veneer                ro code  0x0801721c      0x8  - Linker created -
    Veneer                ro code  0x08017224      0x8  - Linker created -
    Veneer                ro code  0x0801722c      0x8  - Linker created -
    Veneer                ro code  0x08017234      0x8  - Linker created -
    Veneer                ro code  0x0801723c      0x8  - Linker created -
    Veneer                ro code  0x08017244      0x8  - Linker created -
    .text                 ro code  0x0801724c    0x31c  rtl_consol.o [2]
    .text                 ro code  0x08017568     0x36  strlen.o [12]
    Veneer                ro code  0x080175a0      0x8  - Linker created -
    .text                 ro code  0x080175a8    0x104  ram_libgloss_retarget.o [8]
    .text                 ro code  0x080176ac     0x54  rtw_io.o [9]
    .text                 ro code  0x08017700    0xdf0  lxbus_ops.o [9]
    Veneer                ro code  0x080184f0      0x8  - Linker created -
    Veneer                ro code  0x080184f8      0x8  - Linker created -
    Veneer                ro code  0x08018500      0x8  - Linker created -
    Veneer                ro code  0x08018508      0x8  - Linker created -
    Veneer                ro code  0x08018510      0x8  - Linker created -
    Veneer                ro code  0x08018518      0x8  - Linker created -
    .text                 ro code  0x08018520    0xd28  rtl8711b_cmd.o [9]
    Veneer                ro code  0x08019248      0x8  - Linker created -
    Veneer                ro code  0x08019250      0x8  - Linker created -
    Veneer                ro code  0x08019258      0x8  - Linker created -
    Veneer                ro code  0x08019260      0x8  - Linker created -
    Veneer                ro code  0x08019268      0x8  - Linker created -
    Veneer                ro code  0x08019270      0x8  - Linker created -
    Veneer                ro code  0x08019278      0x8  - Linker created -
    Veneer                ro code  0x08019280      0x8  - Linker created -
    Veneer                ro code  0x08019288      0x8  - Linker created -
    Veneer                ro code  0x08019290      0x8  - Linker created -
    Veneer                ro code  0x08019298      0x8  - Linker created -
    Veneer                ro code  0x080192a0      0x8  - Linker created -
    Veneer                ro code  0x080192a8      0x8  - Linker created -
    Veneer                ro code  0x080192b0      0x8  - Linker created -
    Veneer                ro code  0x080192b8      0x8  - Linker created -
    .text                 ro code  0x080192c0    0xc2a  rtw_wlan_util.o [9]
    .text                 ro code  0x08019eea    0x44e  hal_intf.o [9]
    .text                 ro code  0x0801a338    0x718  rtw_pwrctrl.o [9]
    .text                 ro code  0x0801aa50    0x624  rtw_sta_mgt.o [9]
    Veneer                ro code  0x0801b074      0x8  - Linker created -
    Veneer                ro code  0x0801b07c      0x8  - Linker created -
    .text                 ro code  0x0801b084   0x1074  rtw_cmd.o [9]
    .text                 ro code  0x0801c0f8    0x100  freertos_xmit.o [9]
    Veneer                ro code  0x0801c1f8      0x8  - Linker created -
    Veneer                ro code  0x0801c200      0x8  - Linker created -
    Veneer                ro code  0x0801c208      0x8  - Linker created -
    Veneer                ro code  0x0801c210      0x8  - Linker created -
    Veneer                ro code  0x0801c218      0x8  - Linker created -
    Veneer                ro code  0x0801c220      0x8  - Linker created -
    Veneer                ro code  0x0801c228      0x8  - Linker created -
    Veneer                ro code  0x0801c230      0x8  - Linker created -
    Veneer                ro code  0x0801c238      0x8  - Linker created -
    Veneer                ro code  0x0801c240      0x8  - Linker created -
    .text                 ro code  0x0801c248    0x5b0  monitor.o [2]
    Veneer                ro code  0x0801c7f8      0x8  - Linker created -
    Veneer                ro code  0x0801c800      0x8  - Linker created -
    .text                 ro code  0x0801c808    0x474  log_service.o [2]
    .text                 ro code  0x0801cc7c   0x1740  rtw_xmit.o [9]
    .text                 ro code  0x0801e3bc    0x91a  rtl8711b_xmit.o [9]
    .text                 ro code  0x0801ecd8   0x143c  rtw_mlme.o [9]
    Veneer                ro code  0x08020114      0x8  - Linker created -
    Veneer                ro code  0x0802011c      0x8  - Linker created -
    Veneer                ro code  0x08020124      0x8  - Linker created -
    Veneer                ro code  0x0802012c      0x8  - Linker created -
    Veneer                ro code  0x08020134      0x8  - Linker created -
    Veneer                ro code  0x0802013c      0x8  - Linker created -
    .text                 ro code  0x08020144   0x4cc0  rtw_mlme_ext.o [9]
    .text                 ro code  0x08024e04    0x3a0  freertos_skbuff.o [9]
    .text                 ro code  0x080251a4    0x266  rtl8711b_rxdesc.o [9]
    Veneer                ro code  0x0802540c      0x8  - Linker created -
    .text                 ro code  0x08025414   0x1528  rtw_recv.o [9]
    .text                 ro code  0x0802693c    0xc20  hal_com.o [9]
    .text                 ro code  0x0802755c      0x6  ABImemclr4.o [12]
    Veneer                ro code  0x08027564      0x8  - Linker created -
    Veneer                ro code  0x0802756c      0x8  - Linker created -
    Veneer                ro code  0x08027574      0x8  - Linker created -
    Veneer                ro code  0x0802757c      0x8  - Linker created -
    Veneer                ro code  0x08027584      0x8  - Linker created -
    Veneer                ro code  0x0802758c      0x8  - Linker created -
    Veneer                ro code  0x08027594      0x8  - Linker created -
    Veneer                ro code  0x0802759c      0x8  - Linker created -
    Veneer                ro code  0x080275a4      0x8  - Linker created -
    Veneer                ro code  0x080275ac      0x8  - Linker created -
    Veneer                ro code  0x080275b4      0x8  - Linker created -
    Veneer                ro code  0x080275bc      0x8  - Linker created -
    Veneer                ro code  0x080275c4      0x8  - Linker created -
    Veneer                ro code  0x080275cc      0x8  - Linker created -
    Veneer                ro code  0x080275d4      0x8  - Linker created -
    Veneer                ro code  0x080275dc      0x8  - Linker created -
    Veneer                ro code  0x080275e4      0x8  - Linker created -
    Veneer                ro code  0x080275ec      0x8  - Linker created -
    Veneer                ro code  0x080275f4      0x8  - Linker created -
    Veneer                ro code  0x080275fc      0x8  - Linker created -
    Veneer                ro code  0x08027604      0x8  - Linker created -
    Veneer                ro code  0x0802760c      0x8  - Linker created -
    Veneer                ro code  0x08027614      0x8  - Linker created -
    Veneer                ro code  0x0802761c      0x8  - Linker created -
    Veneer                ro code  0x08027624      0x8  - Linker created -
    Veneer                ro code  0x0802762c      0x8  - Linker created -
    Veneer                ro code  0x08027634      0x8  - Linker created -
    Veneer                ro code  0x0802763c      0x8  - Linker created -
    .text                 ro code  0x08027644   0x10ce  rtl8711b_hal_init.o [9]
    .text                 ro code  0x08028714    0x374  phydm_RaInfo.o [9]
    .text                 ro code  0x08028a88    0x280  lwip_intf.o [2]
    Veneer                ro code  0x08028d08      0x8  - Linker created -
    Veneer                ro code  0x08028d10      0x8  - Linker created -
    Veneer                ro code  0x08028d18      0x8  - Linker created -
    .text                 ro code  0x08028d20   0x1650  rtw_ap.o [9]
    .text                 ro code  0x0802a370    0x380  rtw_intfs.o [9]
    .text                 ro code  0x0802a6f0    0xc74  rtk_wlan_if.o [9]
    Veneer                ro code  0x0802b364      0x8  - Linker created -
    Veneer                ro code  0x0802b36c      0x8  - Linker created -
    Veneer                ro code  0x0802b374      0x8  - Linker created -
    Veneer                ro code  0x0802b37c      0x8  - Linker created -
    .text                 ro code  0x0802b384   0x32d4  freertos_ioctl.o [9]
    Veneer                ro code  0x0802e658      0x8  - Linker created -
    Veneer                ro code  0x0802e660      0x8  - Linker created -
    Veneer                ro code  0x0802e668      0x8  - Linker created -
    Veneer                ro code  0x0802e670      0x8  - Linker created -
    Veneer                ro code  0x0802e678      0x8  - Linker created -
    Veneer                ro code  0x0802e680      0x8  - Linker created -
    Veneer                ro code  0x0802e688      0x8  - Linker created -
    Veneer                ro code  0x0802e690      0x8  - Linker created -
    Veneer                ro code  0x0802e698      0x8  - Linker created -
    Veneer                ro code  0x0802e6a0      0x8  - Linker created -
    Veneer                ro code  0x0802e6a8      0x8  - Linker created -
    Veneer                ro code  0x0802e6b0      0x8  - Linker created -
    Veneer                ro code  0x0802e6b8      0x8  - Linker created -
    Veneer                ro code  0x0802e6c0      0x8  - Linker created -
    Veneer                ro code  0x0802e6c8      0x8  - Linker created -
    Veneer                ro code  0x0802e6d0      0x8  - Linker created -
    Veneer                ro code  0x0802e6d8      0x8  - Linker created -
    Veneer                ro code  0x0802e6e0      0x8  - Linker created -
    Veneer                ro code  0x0802e6e8      0x8  - Linker created -
    Veneer                ro code  0x0802e6f0      0x8  - Linker created -
    .text                 ro code  0x0802e6f8   0x1570  rtw_psk.o [9]
    .text                 ro code  0x0802fc68     0x16  wifi_eap_config.o [2]
    .text                 ro code  0x0802fc80    0xee8  wifi_util.o [2]
    Veneer                ro code  0x08030b68      0x8  - Linker created -
    .text                 ro code  0x08030b70   0x18e8  atcmd_wifi.o [2]
    Veneer                ro code  0x08032458      0x8  - Linker created -
    Veneer                ro code  0x08032460      0x8  - Linker created -
    Veneer                ro code  0x08032468      0x8  - Linker created -
    Veneer                ro code  0x08032470      0x8  - Linker created -
    Veneer                ro code  0x08032478      0x8  - Linker created -
    Veneer                ro code  0x08032480      0x8  - Linker created -
    .text                 ro code  0x08032488    0x314  rtw_security.o [9]
    .text                 ro code  0x0803279c    0xb10  freertos_intfs.o [9]
    .text                 ro code  0x080332ac     0x76  ABImemcpy_unaligned.o [12]
    .text                 ro code  0x08033324    0x1f6  rtw_ieee80211.o [9]
    Veneer                ro code  0x0803351c      0x8  - Linker created -
    .text                 ro code  0x08033524    0x73c  freertos_service.o [2]
    .text                 ro code  0x08033c60    0x668  phydm_HWConfig.o [9]
    .text                 ro code  0x080342c8    0x3d0  freertos_recv.o [9]
    .text                 ro code  0x08034698    0x930  wifi_promisc.o [2]
    .text                 ro code  0x08034fc8     0x32  ABImemset48.o [12]
    .text                 ro code  0x08034ffc    0x7dc  phydm_DIG.o [9]
    .text                 ro code  0x080357d8    0x33a  PhyDM_Adaptivity.o [9]
    .text                 ro code  0x08035b14    0x47a  phydm.o [9]
    .text                 ro code  0x08035f90    0x164  ethernetif.o [2]
    .text                 ro code  0x080360f4    0x552  rtw_ioctl_set.o [9]
    .text                 ro code  0x08036648     0x24  sscanf.o [4]
    .text                 ro code  0x0803666c    0x352  phydm_ACS.o [9]
    .text                 ro code  0x080369c0    0xa58  hal_com_phycfg.o [9]
    Veneer                ro code  0x08037418      0x8  - Linker created -
    Veneer                ro code  0x08037420      0x8  - Linker created -
    Veneer                ro code  0x08037428      0x8  - Linker created -
    Veneer                ro code  0x08037430      0x8  - Linker created -
    Veneer                ro code  0x08037438      0x8  - Linker created -
    .text                 ro code  0x08037440    0x440  rtl8711b_hal_efuse.o [9]
    .text                 ro code  0x08037880   0x104c  HalHWImg8711B_BB.o [9]
    .text                 ro code  0x080388cc   0x1720  wifi_conf.o [2]
    .text                 ro code  0x08039fec   0x1ae8  wifi_simple_config.o [2]
    .text                 ro code  0x0803bad4    0x8fe  dhcps.o [2]
    Veneer                ro code  0x0803c3d4      0x8  - Linker created -
    Veneer                ro code  0x0803c3dc      0x8  - Linker created -
    Veneer                ro code  0x0803c3e4      0x8  - Linker created -
    Veneer                ro code  0x0803c3ec      0x8  - Linker created -
    .text                 ro code  0x0803c3f4   0x101c  rtl8710b_ota.o [2]
    .text                 ro code  0x0803d410    0x620  ping_test.o [2]
    Veneer                ro code  0x0803da30      0x8  - Linker created -
    .text                 ro code  0x0803da38   0x1f94  tcptest.o [2]
    .text                 ro code  0x0803f9cc    0x190  netdev.o [9]
    Veneer                ro code  0x0803fb5c      0x8  - Linker created -
    Veneer                ro code  0x0803fb64      0x8  - Linker created -
    Veneer                ro code  0x0803fb6c      0x8  - Linker created -
    Veneer                ro code  0x0803fb74      0x8  - Linker created -
    Veneer                ro code  0x0803fb7c      0x8  - Linker created -
    Veneer                ro code  0x0803fb84      0x8  - Linker created -
    Veneer                ro code  0x0803fb8c      0x8  - Linker created -
    Veneer                ro code  0x0803fb94      0x8  - Linker created -
    Veneer                ro code  0x0803fb9c      0x8  - Linker created -
    Veneer                ro code  0x0803fba4      0x8  - Linker created -
    Veneer                ro code  0x0803fbac      0x8  - Linker created -
    Veneer                ro code  0x0803fbb4      0x8  - Linker created -
    Veneer                ro code  0x0803fbbc      0x8  - Linker created -
    Veneer                ro code  0x0803fbc4      0x8  - Linker created -
    Veneer                ro code  0x0803fbcc      0x8  - Linker created -
    Veneer                ro code  0x0803fbd4      0x8  - Linker created -
    Veneer                ro code  0x0803fbdc      0x8  - Linker created -
    .text                 ro code  0x0803fbe4    0x70c  lxbus_halinit.o [9]
    .text                 ro code  0x080402f0     0x38  hci_intfs.o [9]
    .text                 ro code  0x08040328     0x66  phydm_interface.o [9]
    Veneer                ro code  0x08040390      0x8  - Linker created -
    Veneer                ro code  0x08040398      0x8  - Linker created -
    Veneer                ro code  0x080403a0      0x8  - Linker created -
    .text                 ro code  0x080403a8     0x86  phydm_CfoTracking.o [9]
    .text                 ro code  0x08040430    0xf90  HalHWImg8711B_RF.o [9]
    .text                 ro code  0x080413c0    0x478  HalHWImg8711B_MAC.o [9]
    .text                 ro code  0x08041838   0x7da0  HalHWImg8711B_FW.o [9]
    .text                 ro code  0x080495d8    0x9f4  rtw_promisc.o [9]
    .text                 ro code  0x08049fcc     0x22  I64Shl.o [12]
    .text                 ro code  0x08049ff0    0x1e8  phydm_PowerTracking.o [9]
    .text                 ro code  0x0804a1d8     0x14  phydm_debug.o [9]
    .text                 ro code  0x0804a1ec    0x514  xscanfsmall_nomb.o [4]
    Veneer                ro code  0x0804a700      0x8  - Linker created -
    Veneer                ro code  0x0804a708      0x8  - Linker created -
    .text                 ro code  0x0804a710    0x9cc  rtl8711b_phycfg.o [9]
    Veneer                ro code  0x0804b0dc      0x8  - Linker created -
    .text                 ro code  0x0804b0e4    0x88c  rtl8710b_efuse.o [7]
    .text                 ro code  0x0804b970     0xd8  phydm_RegConfig8711B.o [9]
    .text                 ro code  0x0804ba48     0xa4  device_lock.o [2]
    Veneer                ro code  0x0804baec      0x8  - Linker created -
    Veneer                ro code  0x0804baf4      0x8  - Linker created -
    Veneer                ro code  0x0804bafc      0x8  - Linker created -
    Veneer                ro code  0x0804bb04      0x8  - Linker created -
    Veneer                ro code  0x0804bb0c      0x8  - Linker created -
    Veneer                ro code  0x0804bb14      0x8  - Linker created -
    Veneer                ro code  0x0804bb1c      0x8  - Linker created -
    .text                 ro code  0x0804bb24   0x136c  wifi_simple_config_parser.o [9]
    .text                 ro code  0x0804ce90     0x18  cmsis_os.o [2]
    Veneer                ro code  0x0804cea8      0x8  - Linker created -
    Veneer                ro code  0x0804ceb0      0x8  - Linker created -
    .text                 ro code  0x0804ceb8    0x2b4  flash_api.o [2]
    .text                 ro code  0x0804d16c     0x40  netdb.o [2]
    Veneer                ro code  0x0804d1ac      0x8  - Linker created -
    Veneer                ro code  0x0804d1b4      0x8  - Linker created -
    .text                 ro code  0x0804d1bc    0x450  rtl8711b_firmware.o [9]
    Veneer                ro code  0x0804d60c      0x8  - Linker created -
    Veneer                ro code  0x0804d614      0x8  - Linker created -
    Veneer                ro code  0x0804d61c      0x8  - Linker created -
    Veneer                ro code  0x0804d624      0x8  - Linker created -
    Veneer                ro code  0x0804d62c      0x8  - Linker created -
    .text                 ro code  0x0804d634    0x540  rtl8711b_dm.o [9]
    .text                 ro code  0x0804db74   0x14ac  HalPhyRf_8711B.o [9]
    .text                 ro code  0x0804f020     0xdc  HalPwrSeqCmd.o [9]
    .text                 ro code  0x0804f0fc     0x18  wlan_ram_map.o [9]
    .text                 ro code  0x0804f114    0x4e8  HalPhyRf.o [9]
    .text                 ro code  0x0804f5fc     0x16  strchr.o [12]
    .text                 ro code  0x0804f612     0x86  xstol.o [4]
    .text                 ro code  0x0804f698    0x19c  xstoul.o [4]
    .text                 ro code  0x0804f834     0xf4  rtl8711b_rf6052.o [9]
    .text                 ro code  0x0804f928      0xc  errno.o [4]
    .text                 ro code  0x0804f934     0x58  memchr.o [12]
    Veneer                ro code  0x0804f98c      0x8  - Linker created -
    .text                 ro code  0x0804f994     0x30  app_start.o [2]
    .text                 ro code  0x0804f9c4     0x20  cmain_call_ctors.o [12]
    .text                 ro code  0x0804f9e4     0x1a  main.o [2]
    .text                 ro code  0x0804fa00     0x18  cppinit.o [4]
    .text                 ro code  0x0804fa18      0x4  example_entry.o [2]
    .text                 ro code  0x0804fa1c    0x1d8  wifi_sniffer.o [2]
    .text                 ro code  0x0804fbf4     0xee  I64DivMod.o [12]
    Veneer                ro code  0x0804fce4      0x8  - Linker created -
    Veneer                ro code  0x0804fcec      0x8  - Linker created -
    Veneer                ro code  0x0804fcf4      0x8  - Linker created -
    Veneer                ro code  0x0804fcfc      0x8  - Linker created -
    Veneer                ro code  0x0804fd04      0x8  - Linker created -
    Veneer                ro code  0x0804fd0c      0x8  - Linker created -
    .text                 ro code  0x0804fd14    0x1bc  timer_api.o [2]
    .text                 ro code  0x0804fed0      0x2  I64DivZer.o [12]
    Veneer                ro code  0x0804fed4      0x8  - Linker created -
    Veneer                ro code  0x0804fedc      0x8  - Linker created -
    Veneer                ro code  0x0804fee4      0x8  - Linker created -
    Veneer                ro code  0x0804feec      0x8  - Linker created -
    Veneer                ro code  0x0804fef4      0x8  - Linker created -
    Veneer                ro code  0x0804fefc      0x8  - Linker created -
    .text                 ro code  0x0804ff04    0xbac  atcmd_sys.o [2]
    .text                 ro code  0x08050ab0    0x148  sys_api.o [2]
    .text                 ro code  0x08050bf8     0x58  efuse_api.o [2]
    Veneer                ro code  0x08050c50      0x8  - Linker created -
    Veneer                ro code  0x08050c58      0x8  - Linker created -
    Veneer                ro code  0x08050c60      0x8  - Linker created -
    Veneer                ro code  0x08050c68      0x8  - Linker created -
    Veneer                ro code  0x08050c70      0x8  - Linker created -
    Veneer                ro code  0x08050c78      0x8  - Linker created -
    Veneer                ro code  0x08050c80      0x8  - Linker created -
    Veneer                ro code  0x08050c88      0x8  - Linker created -
    Veneer                ro code  0x08050c90      0x8  - Linker created -
    .text                 ro code  0x08050c98    0x1d0  startup.o [2]
    .text                 ro code  0x08050e68    0x2c4  rtl8710b_clk.o [7]
    .text                 ro code  0x0805112c     0x28  data_init.o [12]
    Veneer                ro code  0x08051154      0x8  - Linker created -
    .text                 ro code  0x0805115c     0xe8  lxbus_hci_intf.o [9]
    .text                 ro code  0x08051244     0x34  lxbus_intf.o [9]
    .text                 ro code  0x08051278     0x7c  freertos_isr.o [9]
    .text                 ro code  0x080512f4    0x246  DblDiv.o [11]
    .text                 ro code  0x0805153c     0x1a  fpinit_M.o [11]
    .text                 ro code  0x08051556     0x2c  low_level_io.o [2]
    .text                 ro code  0x08051582     0x16  xprout.o [4]
    .text                 ro code  0x08051598     0x28  putchar.o [4]
    .rodata               const    0x080515c0     0x58  atcmd_sys.o [2]
    .rodata               const    0x08051618    0x948  atcmd_wifi.o [2]
    .rodata               const    0x08051f60    0x144  freertos_service.o [2]
    .rodata               const    0x080520a4      0x8  ip_addr.o [2]
    .rodata               const    0x080520ac     0x10  log_service.o [2]
    .rodata               const    0x080520bc    0x3dc  monitor.o [2]
    .rodata               const    0x08052498    0x320  rtl8710b_pinmapcfg.o [2]
    .rodata               const    0x080527b8     0xe4  rtl8710b_sleepcfg.o [2]
    .rodata               const    0x0805289c      0x8  rtw_mlme_ext.o [9]
    .rodata               const    0x080528a4     0x10  lxbus_hci_intf.o [9]
    .rodata               const    0x080528b4     0x90  HalHWImg8711B_BB.o [9]
    .rodata               const    0x08052944    0x184  rom_rtw_message_f.o [9]
    .rodata               const    0x08052ac8    0x140  Hal8711BPwrSeq.o [9]
    .rodata               const    0x08052c08     0xa4  phydm_PowerTracking.o [9]
    .rodata               const    0x08052cac    0x498  HalHWImg8711B_RF.o [9]
    .rodata               const    0x08053144      0x2  ram_libc.o [8]
    .rodata               const    0x08053146      0x0  zero_init3.o [12]
    CODE                  ro code  0x08053148     0xb4  portasm.o [2]
                                 - 0x080531fc  0x481dc

"A4":                                          0x29b4c
  IMAGE2                           0x10005000   0x148c  <Block>
    .ram_image2.entry              0x10005000     0x1c  <Block>
      .image2.entry.data  const    0x10005000      0x8  startup.o [2]
      .image2.validate.rodata
                          const    0x10005008     0x14  startup.o [2]
    .ram.data                      0x10005020    0xf70  <Block>
      .data               const    0x10005020      0x8  wifi_promisc.o [2]
      .data               const    0x10005028    0x428  ram_libc.o [8]
      .data               const    0x10005450     0xb0  atcmd_sys.o [2]
      .data               const    0x10005500     0x38  atcmd_wifi.o [2]
      .data               const    0x10005538      0x4  atcmd_wifi.o [2]
      .data               const    0x1000553c    0x1b0  atcmd_wifi.o [2]
      .data               const    0x100056ec     0x60  dhcps.o [2]
      .data               const    0x1000574c      0x4  freertos_service.o [2]
      .data               const    0x10005750     0x44  heap_5.o [2]
      .data               const    0x10005794     0x84  log_service.o [2]
      .data               const    0x10005818     0x20  log_service.o [2]
      .data               const    0x10005838      0x4  port.o [2]
      .data               const    0x1000583c     0x9c  tasks.o [2]
      .data               const    0x100058d8     0x20  tcp.o [2]
      .data               const    0x100058f8      0x8  udp.o [2]
      .data               const    0x10005900     0x14  wifi_conf.o [2]
      .data               const    0x10005914     0x1c  wifi_promisc.o [2]
      .data               const    0x10005930     0x34  wifi_promisc.o [2]
      .data               const    0x10005964     0x68  wifi_simple_config.o [2]
      .data               const    0x100059cc     0x5c  wifi_simple_config.o [2]
      .data               const    0x10005a28    0x2ac  rtl8710b_freertos_pmu.o [7]
      .data               const    0x10005cd4      0x4  rtl8710b_freertos_pmu.o [7]
      .data               const    0x10005cd8     0x70  rtw_mlme_ext.o [9]
      .data               const    0x10005d48      0x8  rtw_psk.o [9]
      .data               const    0x10005d50      0x4  system_8195a.o [7]
      .data               const    0x10005d54      0x4  freertos_skbuff.o [9]
      .data               const    0x10005d58      0x4  freertos_skbuff.o [9]
      .data               const    0x10005d5c      0x4  rtw_debug.o [9]
      .data               const    0x10005d60      0x4  rtl8710b_clk.o [7]
      .data               const    0x10005d64    0x148  wifi_simple_config_parser.o [9]
      .data               const    0x10005eac      0x8  wifi_simple_config_parser.o [9]
      .data               const    0x10005eb4      0x4  rtw_xmit.o [9]
      .data               const    0x10005eb8      0x4  rtw_xmit.o [9]
      .data               const    0x10005ebc      0x8  rtl8711b_cmd.o [9]
      .data               const    0x10005ec4      0x4  phydm_DIG.o [9]
      .data               const    0x10005ec8      0x2  tcp.o [2]
      .data               const    0x10005eca      0x2  wifi_promisc.o [2]
      .data               const    0x10005ecc      0x1  rtw_mlme_ext.o [9]
      .data               const    0x10005ecd      0x4  freertos_intfs.o [9]
      .data               const    0x10005ed1      0x1  freertos_ioctl.o [9]
      .iar.init_table     const    0x10005ed4     0x2c  - Linker created -
      __DLIB_PERTHREAD    const    0x10005f00     0x8c  rand.o [4]
      __DLIB_PERTHREAD    const    0x10005f8c      0x4  errno.o [4]
      CPP_INIT                     0x10005f90      0x0  <Block>
        SHT$$PREINIT_ARRAY
                                   0x10005f90      0x0  <Block>
        SHT$$INIT_ARRAY            0x10005f90      0x0  <Block>
    .ram.text                      0x10005f90    0x4fc  <Block>
      Veneer              ro code  0x10005f90      0x8  - Linker created -
      Veneer              ro code  0x10005f98      0x8  - Linker created -
      Veneer              ro code  0x10005fa0      0x8  - Linker created -
      Veneer              ro code  0x10005fa8      0x8  - Linker created -
      Veneer              ro code  0x10005fb0      0x8  - Linker created -
      Veneer              ro code  0x10005fb8      0x8  - Linker created -
      Veneer              ro code  0x10005fc0      0x8  - Linker created -
      Veneer              ro code  0x10005fc8      0x8  - Linker created -
      .image2.ram.text    ro code  0x10005fd0    0x170  rtl8710b_flash_ram.o [7]
      Veneer              ro code  0x10006140      0x8  - Linker created -
      .image2.ram.text    ro code  0x10006148    0x138  rtl8710b_ota_ram.o [7]
      Veneer              ro code  0x10006280      0x8  - Linker created -
      Veneer              ro code  0x10006288      0x8  - Linker created -
      Veneer              ro code  0x10006290      0x8  - Linker created -
      Veneer              ro code  0x10006298      0x8  - Linker created -
      Veneer              ro code  0x100062a0      0x8  - Linker created -
      Veneer              ro code  0x100062a8      0x8  - Linker created -
      Veneer              ro code  0x100062b0      0x8  - Linker created -
      Veneer              ro code  0x100062b8      0x8  - Linker created -
      .image2.ram.text    ro code  0x100062c0    0x1cc  rtl8710b_psm_ram.o [7]
  .ram_image2.bss                  0x10006490   0x99ce  <Block>
    .bss                  zero     0x10006490     0x70  tcptest.o [2]
    .bss                  zero     0x10006500     0x70  tcptest.o [2]
    .bss                  zero     0x10006570      0x8  wifi_promisc.o [2]
    .bss                  zero     0x10006578    0xc00  wifi_promisc.o [2]
    .bss                  zero     0x10007178   0x1c00  wifi_promisc.o [2]
    .bss                  zero     0x10008d78     0x78  atcmd_wifi.o [2]
    .bss                  zero     0x10008df0      0x4  atcmd_wifi.o [2]
    .bss                  zero     0x10008df4     0x18  device_lock.o [2]
    .bss                  zero     0x10008e0c     0x34  dhcp.o [2]
    .bss                  zero     0x10008e40      0x4  dhcp.o [2]
    .bss                  zero     0x10008e44    0x620  dhcps.o [2]
    .bss                  zero     0x10009464    0x224  dns.o [2]
    .bss                  zero     0x10009688    0x440  dns.o [2]
    .bss                  zero     0x10009ac8     0x30  dns.o [2]
    .bss                  zero     0x10009af8     0xc8  etharp.o [2]
    .bss                  zero     0x10009bc0      0x4  etharp.o [2]
    .bss                  zero     0x10009bc4      0x4  ethernetif.o [2]
    .bss                  zero     0x10009bc8     0x24  flash_api.o [2]
    .bss                  zero     0x10009bec      0x4  freertos_service.o [2]
    .bss                  zero     0x10009bf0      0xc  igmp.o [2]
    .bss                  zero     0x10009bfc     0x10  ip.o [2]
    .bss                  zero     0x10009c0c     0x10  ip_addr.o [2]
    .bss                  zero     0x10009c1c      0x8  ip_frag.o [2]
    .bss                  zero     0x10009c24    0x100  log_service.o [2]
    .bss                  zero     0x10009d24     0x7c  lwip_netconf.o [2]
    .bss                  zero     0x10009da0      0x8  lwip_timers.o [2]
    .bss                  zero     0x10009da8      0x4  lwip_timers.o [2]
    .bss                  zero     0x10009dac   0x1424  mem.o [2]
    .bss                  zero     0x1000b1d0   0x4030  memp.o [2]
    .bss                  zero     0x1000f200     0x28  netdb.o [2]
    .bss                  zero     0x1000f228      0xc  netif.o [2]
    .bss                  zero     0x1000f234      0x4  osdep_service.o [2]
    .bss                  zero     0x1000f238     0x20  ping_test.o [2]
    .bss                  zero     0x1000f258      0xc  port.o [2]
    .bss                  zero     0x1000f264      0x4  raw.o [2]
    .bss                  zero     0x1000f268      0x4  rtl8710b_ota.o [2]
    .bss                  zero     0x1000f26c      0x8  rtl_consol.o [2]
    .bss                  zero     0x1000f274     0xc0  sockets.o [2]
    .bss                  zero     0x1000f334      0x8  sockets.o [2]
    .bss                  zero     0x1000f33c      0xc  startup.o [2]
    .bss                  zero     0x1000f348     0x34  sys_arch.o [2]
    .bss                  zero     0x1000f37c     0xdc  tasks.o [2]
    .bss                  zero     0x1000f458     0x30  tcp_in.o [2]
    .bss                  zero     0x1000f488      0xc  tcpip.o [2]
    .bss                  zero     0x1000f494     0x14  tcptest.o [2]
    .bss                  zero     0x1000f4a8     0x14  tcptest.o [2]
    .bss                  zero     0x1000f4bc     0x3c  timers.o [2]
    .bss                  zero     0x1000f4f8     0x24  wifi_conf.o [2]
    .bss                  zero     0x1000f51c      0x4  wifi_conf.o [2]
    .bss                  zero     0x1000f520     0x18  wifi_conf.o [2]
    .bss                  zero     0x1000f538    0x198  wifi_ind.o [2]
    .bss                  zero     0x1000f6d0     0x78  wifi_promisc.o [2]
    .bss                  zero     0x1000f748      0xc  wifi_sniffer.o [2]
    .bss                  zero     0x1000f754     0x6c  rtl8710b_psm.o [7]
    .bss                  zero     0x1000f7c0     0x64  rtl8710b_psm.o [7]
    .bss                  zero     0x1000f824      0x8  rtl8710b_psm.o [7]
    .bss                  zero     0x1000f82c     0x80  rtl8710b_freertos_pmu.o [7]
    .bss                  zero     0x1000f8ac    0x174  rtl8710b_freertos_pmu.o [7]
    .bss                  zero     0x1000fa20      0x4  ram_libc.o [8]
    .bss                  zero     0x1000fa24     0x40  rtk_wlan_if.o [9]
    .bss                  zero     0x1000fa64      0x4  rtl8710b_efuse.o [7]
    .bss                  zero     0x1000fa68      0x4  rtw_mlme_ext.o [9]
    .bss                  zero     0x1000fa6c      0x4  rtw_mlme_ext.o [9]
    .bss                  zero     0x1000fa70      0x4  rtw_mlme_ext.o [9]
    .bss                  zero     0x1000fa74      0x4  freertos_intfs.o [9]
    .bss                  zero     0x1000fa78      0xc  freertos_intfs.o [9]
    .bss                  zero     0x1000fa84      0x4  freertos_intfs.o [9]
    .bss                  zero     0x1000fa88     0x14  freertos_intfs.o [9]
    .bss                  zero     0x1000fa9c    0x11c  rtw_psk.o [9]
    .bss                  zero     0x1000fbb8     0x44  rtw_psk.o [9]
    .bss                  zero     0x1000fbfc      0x4  freertos_skbuff.o [9]
    .bss                  zero     0x1000fc00    0x1e0  freertos_skbuff.o [9]
    .bss                  zero     0x1000fde0     0x18  freertos_skbuff.o [9]
    .bss                  zero     0x1000fdf8     0x24  rtl8710b_flash_ram.o [7]
    .bss                  zero     0x1000fe1c      0x8  rtw_mlme.o [9]
    .bss                  zero     0x1000fe24      0xc  rtw_promisc.o [9]
    .bss                  zero     0x1000fe30      0x4  rtl8710b_bor.o [7]
    .bss                  zero     0x1000fe34      0x8  lxbus_suspend.o [9]
    .bss                  zero     0x1000fe3c      0x8  lxbus_suspend.o [9]
    .bss                  zero     0x1000fe44      0x4  ram_libgloss_retarget.o [8]
    .bss                  zero     0x1000fe48      0x4  rtl8711b_dm.o [9]
    .bss                  zero     0x1000fe4c      0x4  freertos_isr.o [9]
    .bss                  zero     0x1000fe50      0x2  ip.o [2]
    .bss                  zero     0x1000fe52      0x2  rtw_mlme_ext.o [9]
    .bss                  zero     0x1000fe54      0x1  dns.o [2]
    .bss                  zero     0x1000fe55      0x1  etharp.o [2]
    .bss                  zero     0x1000fe56      0x1  pbuf.o [2]
    .bss                  zero     0x1000fe57      0x1  tcp.o [2]
    .bss                  zero     0x1000fe58      0x1  wifi_eap_config.o [2]
    .bss                  zero     0x1000fe59      0x1  wifi_eap_config.o [2]
    .bss                  zero     0x1000fe5a      0x1  wifi_promisc.o [2]
    .bss                  zero     0x1000fe5b      0x1  rtw_mlme_ext.o [9]
    .bss                  zero     0x1000fe5c      0x1  rtw_mlme_ext.o [9]
    .bss                  zero     0x1000fe5d      0x1  lxbus_ops.o [9]
  .ram_image2.skb.bss              0x1000fe60   0x54e8  <Block>
    .bdsram.data          zero     0x1000fe60   0x3400  freertos_skbuff.o [9]
    .bdsram.data          zero     0x10013260      0x8  freertos_skbuff.o [9]
    .bdsram.data          zero     0x10013268   0x20e0  lxbus_ops.o [9]
  .ram_heap.data                   0x10015348  0x19800  <Block>
    .bfsram.data          zero     0x10015348  0x19000  heap_5.o [2]
    .bfsram.data          zero     0x1002e348    0x800  tasks.o [2]
  .heap.stdlib            zero     0x1002eb48      0x1  ram_libgloss_retarget.o [8]
                                 - 0x1002eb49  0x29b49


*******************************************************************************
*** INIT TABLE
***

          Address     Size
          -------     ----
Zero (__iar_zero_init3)
    4 destination ranges, total size 0x286b7:
          0x10006490   0x99ce
          0x1000fe60   0x54e8
          0x10015348  0x19800
          0x1002eb48      0x1

Extra (__iar_cstart_call_ctors)



*******************************************************************************
*** MODULE SUMMARY
***

    Module                       ro code  ro data  rw data
    ------                       -------  -------  -------
F:\RTL8710workspace\00009982-sdk-ameba-v4.0c\sdk-ameba-v4.0c\project\wifi_sniffer\EWARM-RELEASE\..\..\..\component\soc\realtek\8711b\misc\bsp\image: [1]
    boot_all.bin                            4 368
    ------------------------------------------------------
    Total:                                  4 368

F:\RTL8710workspace\00009982-sdk-ameba-v4.0c\sdk-ameba-v4.0c\project\wifi_sniffer\EWARM-RELEASE\Debug\Obj: [2]
    api_lib.o                      1 160
    api_msg.o                      2 916
    app_start.o                       48
    atcmd_sys.o                    2 988       88      176
    atcmd_wifi.o                   6 376    2 376      616
    autoip.o                         738
    cmsis_os.o                        24
    def.o                             38
    device_lock.o                    164                24
    dhcp.o                         3 490                56
    dhcps.o                        2 302             1 664
    dns.o                          1 708             1 685
    efuse_api.o                       88
    etharp.o                       1 848               205
    ethernetif.o                     356                 4
    example_entry.o                    4
    flash_api.o                      692                36
    freertos_service.o             1 852      324        8
    heap_5.o                         456           102 468
    icmp.o                           392
    igmp.o                         1 008                12
    inet_chksum.o                    314
    init.o                            46
    ip.o                             860                18
    ip_addr.o                        474        8       16
    ip_frag.o                      1 288                 8
    list.o                           142
    log_service.o                  1 140       16      420
    low_level_io.o                    44
    lwip_intf.o                      640
    lwip_netconf.o                   964               124
    lwip_timers.o                    612                12
    main.o                            26
    mem.o                            608             5 156
    memp.o                           216            16 432
    monitor.o                      1 456      988
    netbuf.o                         116
    netdb.o                           64                40
    netif.o                          398                12
    osdep_service.o                1 264                 4
    pbuf.o                         1 122                 1
    ping_test.o                    1 568                32
    port.o                           348                16
    portasm.o                        180
    queue.o                        1 186
    raw.o                            372                 4
    rtl8710b_ota.o                 4 124       32        4
    rtl8710b_pinmapcfg.o                      800
    rtl8710b_sleepcfg.o                       228
    rtl_consol.o                     796                 8
    sockets.o                      3 116               200
    startup.o                        464       20       20
    sys_api.o                        328
    sys_arch.o                       498                52
    tasks.o                        2 212             2 424
    tcp.o                          2 868                35
    tcp_in.o                       3 800                48
    tcp_out.o                      2 656
    tcpip.o                          532                12
    tcptest.o                      8 084               264
    timer_api.o                      444
    timers.o                         844                60
    udp.o                          1 040                 8
    wifi_conf.o                    5 920                84
    wifi_eap_config.o                 22                 2
    wifi_ind.o                       180               408
    wifi_promisc.o                 2 352            10 459
    wifi_simple_config.o           6 888               196
    wifi_sniffer.o                   472                12
    wifi_util.o                    3 816
    ------------------------------------------------------
    Total:                        95 552    4 880  143 545

command line: [3]
    ------------------------------------------------------
    Total:

dl7M_tln.a: [4]
    cppinit.o                         24
    errno.o                           12                 4
    printf.o                          36
    putchar.o                         40
    rand.o                           224               140
    srand.o                           32
    sscanf.o                          36
    xprintftiny.o                    336
    xprout.o                          22
    xscanfsmall_nomb.o             1 300
    xsscin.o                          30
    xstol.o                          134
    xstoul.o                         412
    xtls.o                             2
    ------------------------------------------------------
    Total:                         2 640               144

lib_http.a: [5]
[...]
udp_remove              0x0800d92d     0x28  Code  Gb  udp.o [2]
udp_send                0x0800d713      0x4  Code  Gb  udp.o [2]
udp_sendto              0x0800d717     0x36  Code  Gb  udp.o [2]
udp_sendto_if           0x0800d74d     0xf8  Code  Gb  udp.o [2]
udp_server_buffer       0x1000f4b8      0x4  Data  Gb  tcptest.o [2]
udp_server_data         0x10006538     0x38  Data  Gb  tcptest.o [2]
udp_server_func         0x0803e445    0x278  Code  Gb  tcptest.o [2]
udp_server_handler      0x0803e941     0x2c  Code  Lc  tcptest.o [2]
ulPortSetInterruptMask  0x08053199           Code  Gb  portasm.o [2]
ulStoppedTimerCompensation
                        0x1000f260      0x4  Data  Lc  port.o [2]
ulTimerCountsForOneTick
                        0x1000f258      0x4  Data  Lc  port.o [2]
update_BCNTIM           0x08028d95    0x118  Code  Lc  rtw_ap.o [9]
update_IOT_info         0x08019c17     0x3c  Code  Gb  rtw_wlan_util.o [9]
update_MCS_rate {Abs}   0x00017125            --   Gb  command line/config [3]
update_TSF              0x08019de1      0xc  Code  Gb  rtw_wlan_util.o [9]
update_attrib           0x0801d029    0x334  Code  Lc  rtw_xmit.o [9]
update_basic_rate {Abs}
                        0x000170bd            --   Gb  command line/config [3]
update_bcn_vendor_spec_ie
                        0x0802997b     0x48  Code  Lc  rtw_ap.o [9]
update_bcn_wps_ie       0x080298ad     0xce  Code  Lc  rtw_ap.o [9]
update_beacon           0x080299dd     0xb0  Code  Gb  rtw_ap.o [9]
update_beacon_info      0x080199fb     0x5e  Code  Gb  rtw_wlan_util.o [9]
update_bmc_sta          0x08029191     0xea  Code  Lc  rtw_ap.o [9]
update_bmc_sta_support_rate
                        0x08019d7b     0x22  Code  Gb  rtw_wlan_util.o [9]
update_capinfo          0x08019c53     0x86  Code  Gb  rtw_wlan_util.o [9]
update_hidden_ssid      0x080218d9     0x4a  Code  Gb  rtw_mlme_ext.o [9]
update_mgnt_tx_rate     0x080217b1      0x6  Code  Gb  rtw_mlme_ext.o [9]
update_mgntframe_attrib
                        0x080217b7     0x5a  Code  Gb  rtw_mlme_ext.o [9]
update_network          0x0801f2a5     0xa8  Code  Gb  rtw_mlme.o [9]
update_ota_local        0x0803cf19     0x80  Code  Gb  rtl8710b_ota.o [2]
update_sta_info         0x08023d2d     0x80  Code  Gb  rtw_mlme_ext.o [9]
update_sta_info_apmode  0x0802927b     0xa8  Code  Gb  rtw_ap.o [9]
update_supported_rate {Abs}
                        0x000170f5            --   Gb  command line/config [3]
update_tx_basic_rate    0x08019b09     0x4a  Code  Gb  rtw_wlan_util.o [9]
update_wireless_mode    0x08019cd9     0xa2  Code  Gb  rtw_wlan_util.o [9]
use_ios7_mac            0x10005eb3      0x1  Data  Lc  wifi_simple_config_parser.o [9]
uxCriticalNesting       0x10005838      0x4  Data  Lc  port.o [2]
uxCurrentNumberOfTasks  0x10005888      0x4  Data  Lc  tasks.o [2]
uxListRemove            0x08011047     0x24  Code  Gb  list.o [2]
uxPendedTicks           0x10005898      0x4  Data  Lc  tasks.o [2]
uxQueueMessagesWaiting  0x0800ef3b      0xa  Code  Gb  queue.o [2]
uxSavedInterruptStatus  0x10009bec      0x4  Data  Lc  freertos_service.o [2]
uxSchedulerSuspended    0x100058ac      0x4  Data  Lc  tasks.o [2]
uxTaskNumber            0x100058a4      0x4  Data  Lc  tasks.o [2]
uxTaskPriorityGet       0x0800f259     0x14  Code  Gb  tasks.o [2]
uxTasksDeleted          0x10005870      0x4  Data  Lc  tasks.o [2]
uxTopReadyPriority      0x10005890      0x4  Data  Lc  tasks.o [2]
vApplicationIdleHook    0x0800fa55      0x2  Code  Gb  port.o [2]
vApplicationStackOverflowHook
                        0x0800fa57     0x12  Code  Gb  port.o [2]
vListInitialise         0x08010fdd     0x1a  Code  Gb  list.o [2]
vListInitialiseItem     0x08010ff7      0x6  Code  Gb  list.o [2]
vListInsert             0x08011015     0x32  Code  Gb  list.o [2]
vListInsertEnd          0x08010ffd     0x18  Code  Gb  list.o [2]
vPortClearInterruptMask
                        0x080531a7           Code  Gb  portasm.o [2]
vPortDefineHeapRegions  0x080111c5     0x60  Code  Gb  heap_5.o [2]
vPortEnableVFP          0x080531e1           Code  Gb  portasm.o [2]
vPortEnterCritical      0x0800f9c7     0x18  Code  Gb  port.o [2]
vPortExitCritical       0x0800f9df     0x12  Code  Gb  port.o [2]
vPortFree               0x0801115d     0x1a  Code  Gb  heap_5.o [2]
vPortSVCHandler         0x080531ad           Code  Gb  portasm.o [2]
vPortSetupTimerInterrupt
                        0x0800fa0f     0x24  Code  Wk  port.o [2]
vPortStartFirstTask     0x080531c9           Code  Gb  portasm.o [2]
vPortSuppressTicksAndSleep
                        0x08011989     0x4a  Code  Gb  rtl8710b_freertos_pmu.o [7]
vPortYield              0x0800f9b5     0x12  Code  Gb  port.o [2]
vQueueDelete            0x0800ef4d     0x16  Code  Gb  queue.o [2]
vQueueWaitForMessageRestricted
                        0x0800f06b     0x3c  Code  Gb  queue.o [2]
vTaskDelay              0x0800f213     0x2e  Code  Gb  tasks.o [2]
vTaskDelete             0x0800f1c9     0x4a  Code  Gb  tasks.o [2]
vTaskGetCurrentTCB      0x0800f921      0x2  Code  Gb  tasks.o [2]
vTaskMissedYield        0x0800f6e9      0x8  Code  Gb  tasks.o [2]
vTaskPlaceOnEventList   0x0800f5b9     0x18  Code  Gb  tasks.o [2]
vTaskPlaceOnEventListRestricted
                        0x0800f60d     0x24  Code  Gb  tasks.o [2]
vTaskPriorityInherit    0x0800f825     0x80  Code  Gb  tasks.o [2]
vTaskPrioritySet        0x0800f26d     0xa0  Code  Gb  tasks.o [2]
vTaskSetTimeOutState    0x0800f699      0xc  Code  Gb  tasks.o [2]
vTaskStartScheduler     0x0800f34f     0x50  Code  Gb  tasks.o [2]
vTaskStepTick           0x0800f48b      0xc  Code  Gb  tasks.o [2]
vTaskSuspendAll         0x0800f39f      0xc  Code  Gb  tasks.o [2]
vTaskSwitchContext      0x0800f547     0x66  Code  Gb  tasks.o [2]
validate_recv_ctrl_frame
                        0x08025f3b    0x162  Code  Gb  rtw_recv.o [9]
validate_recv_data_frame
                        0x080260d9    0x204  Code  Gb  rtw_recv.o [9]
validate_recv_frame     0x080262fb     0xb0  Code  Gb  rtw_recv.o [9]
validate_recv_mgnt_frame
                        0x0802609d     0x3c  Code  Gb  rtw_recv.o [9]
vdata_device            0x10006578    0xc00  Data  Gb  wifi_promisc.o [2]
vdata_init_device       0x08034929     0x28  Code  Gb  wifi_promisc.o [2]
vdata_init_router       0x08034951     0x28  Code  Gb  wifi_promisc.o [2]
vdata_insert_device     0x080349a5     0xa2  Code  Gb  wifi_promisc.o [2]
vdata_insert_router     0x08034a47     0xa2  Code  Gb  wifi_promisc.o [2]
vdata_router            0x10007178   0x1c00  Data  Gb  wifi_promisc.o [2]
vdata_time_last_device  0x10005928      0x4  Data  Gb  wifi_promisc.o [2]
vdata_time_last_router  0x1000592c      0x4  Data  Gb  wifi_promisc.o [2]
verify_ota_checksum     0x0803c9cb    0x128  Code  Gb  rtl8710b_ota.o [2]
wakelock                0x10005a44      0x4  Data  Lc  rtl8710b_freertos_pmu.o [7]
wakeup_sta_to_xmit      0x0801dfcb    0x1c6  Code  Gb  rtw_xmit.o [9]
wakeup_time_ms          0x10005a4c      0x4  Data  Lc  rtl8710b_freertos_pmu.o [7]
wep_80211_decrypt {Abs}
                        0x000158e1            --   Gb  command line/config [3]
wep_80211_encrypt {Abs}
                        0x0001587d            --   Gb  command line/config [3]
wext_del_station        0x080307e5      0x4  Code  Gb  wifi_util.o [2]
wext_disable_powersave  0x080300f3     0x44  Code  Gb  wifi_util.o [2]
wext_enable_powersave   0x080300a9     0x4a  Code  Gb  wifi_util.o [2]
wext_get_auto_chl       0x080307b9     0x2c  Code  Gb  wifi_util.o [2]
wext_get_channel        0x08030443     0x2c  Code  Gb  wifi_util.o [2]
wext_get_enc_ext        0x0802ff8d     0x6c  Code  Gb  wifi_util.o [2]
wext_get_lps_dtim       0x080301db     0x60  Code  Gb  wifi_util.o [2]
wext_get_mode           0x080302fb     0x2a  Code  Gb  wifi_util.o [2]
wext_get_passphrase     0x08030069     0x32  Code  Gb  wifi_util.o [2]
wext_get_rssi           0x08030361     0x2c  Code  Gb  wifi_util.o [2]
wext_get_scan           0x080304b1     0x2e  Code  Gb  wifi_util.o [2]
wext_get_ssid           0x0802fc9d     0x4c  Code  Gb  wifi_util.o [2]
wext_private_command    0x080304e7     0xe2  Code  Gb  wifi_util.o [2]
wext_set_adaptivity     0x08030795     0x1e  Code  Gb  wifi_util.o [2]
wext_set_ap_ssid        0x08030335     0x2c  Code  Gb  wifi_util.o [2]
wext_set_auth_param     0x0802fdfb     0x38  Code  Gb  wifi_util.o [2]
wext_set_autoreconnect  0x08030711     0x4a  Code  Gb  wifi_util.o [2]
wext_set_bssid          0x0802fd69     0x4c  Code  Gb  wifi_util.o [2]
wext_set_channel        0x08030415     0x2e  Code  Gb  wifi_util.o [2]
wext_set_key_ext        0x0802fe69     0xfc  Code  Gb  wifi_util.o [2]
wext_set_lps_dtim       0x0803019b     0x38  Code  Gb  wifi_util.o [2]
wext_set_mode           0x080302d5     0x26  Code  Gb  wifi_util.o [2]
wext_set_passphrase     0x08030019     0x2e  Code  Gb  wifi_util.o [2]
wext_set_pscan_channel  0x0803038d     0x88  Code  Gb  wifi_util.o [2]
wext_set_scan           0x0803046f     0x30  Code  Gb  wifi_util.o [2]
wext_set_ssid           0x0802fd1d     0x30  Code  Gb  wifi_util.o [2]
wext_set_tdma_param     0x08030137     0x4c  Code  Gb  wifi_util.o [2]
wext_set_tos_value      0x0803023b     0x74  Code  Gb  wifi_util.o [2]
wext_wlan_indicate      0x080305df    0x106  Code  Gb  wifi_util.o [2]
whc_fix_channel         0x0804bb25      0x2  Code  Wk  wifi_simple_config_parser.o [9]
whc_unfix_channel       0x0804bb27      0x2  Code  Wk  wifi_simple_config_parser.o [9]
wifi                    0x10005500     0x38  Data  Lc  atcmd_wifi.o [2]
wifi_ap_sta_assoc_hdl   0x08039435      0x2  Code  Lc  wifi_conf.o [2]
wifi_ap_sta_disassoc_hdl
                        0x08039437      0x2  Code  Lc  wifi_conf.o [2]
wifi_autoreconnect_hdl  0x08039c01     0x2e  Code  Gb  wifi_conf.o [2]
wifi_autoreconnect_thread
                        0x08039b99     0x68  Code  Lc  wifi_conf.o [2]
wifi_config_autoreconnect
                        0x08039c2f     0x1a  Code  Gb  wifi_conf.o [2]
wifi_connect            0x08038c29    0x280  Code  Gb  wifi_conf.o [2]
wifi_connect_bssid      0x08038ef9    0x1d2  Code  Gb  wifi_conf.o [2]
wifi_connect_bssid_local
                        0x080389c5    0x116  Code  Lc  wifi_conf.o [2]
wifi_connect_local      0x080388cd     0xe2  Code  Lc  wifi_conf.o [2]
wifi_connected_hdl      0x08038b65     0x42  Code  Lc  wifi_conf.o [2]
wifi_disable_powersave  0x0803917d      0x8  Code  Gb  wifi_conf.o [2]
wifi_disconn_hdl        0x08038bbf     0x6a  Code  Lc  wifi_conf.o [2]
wifi_disconnect         0x08039117     0x2c  Code  Gb  wifi_conf.o [2]
wifi_enter_promisc_mode
                        0x08039b3b     0x4c  Code  Gb  wifi_conf.o [2]
wifi_get_associated_client_list
                        0x08039185     0x38  Code  Gb  wifi_conf.o [2]
wifi_get_lps_dtim       0x0803942b      0xa  Code  Gb  wifi_conf.o [2]
wifi_get_rssi           0x080391e7      0xa  Code  Gb  wifi_conf.o [2]
wifi_get_setting        0x080399d3     0xac  Code  Gb  wifi_conf.o [2]
wifi_handshake_done_hdl
                        0x08038ba7     0x18  Code  Lc  wifi_conf.o [2]
wifi_indication         0x08016845     0x3a  Code  Gb  wifi_ind.o [2]
wifi_init_packet_filter
                        0x08039c89      0x4  Code  Gb  wifi_conf.o [2]
wifi_mac_hash           0x0801aa51     0x2a  Code  Lc  rtw_sta_mgt.o [9]
wifi_mode               0x10005538      0x4  Data  Gb  atcmd_wifi.o [2]
wifi_no_network_hdl     0x08038b57      0xe  Code  Lc  wifi_conf.o [2]
wifi_off                0x0803936d     0x8e  Code  Gb  wifi_conf.o [2]
wifi_on                 0x08039203     0xe0  Code  Gb  wifi_conf.o [2]
wifi_reg_event_handler  0x0801687f     0x3a  Code  Gb  wifi_ind.o [2]
wifi_rx_beacon_hdl      0x08038b55      0x2  Code  Gb  wifi_conf.o [2]
wifi_scan               0x08039713     0x78  Code  Gb  wifi_conf.o [2]
wifi_scan_done_hdl      0x080396ad     0x5c  Code  Gb  wifi_conf.o [2]
wifi_scan_each_report_hdl
                        0x08039541    0x158  Code  Gb  wifi_conf.o [2]
wifi_scan_networks      0x08039907     0xb2  Code  Gb  wifi_conf.o [2]
wifi_scan_networks_with_ssid
                        0x08039799    0x16e  Code  Gb  wifi_conf.o [2]
wifi_set_autoreconnect  0x08039c49      0xc  Code  Gb  wifi_conf.o [2]
wifi_set_channel        0x080391f1      0xa  Code  Gb  wifi_conf.o [2]
wifi_set_country_code   0x08039201      0x2  Code  Wk  wifi_conf.o [2]
wifi_set_lps_dtim       0x08039421      0xa  Code  Gb  wifi_conf.o [2]
wifi_set_mib            0x080391fb      0x6  Code  Wk  wifi_conf.o [2]
wifi_set_power_mode     0x08039401      0x4  Code  Gb  wifi_conf.o [2]
wifi_set_promisc        0x08039b37      0x4  Code  Gb  wifi_conf.o [2]
wifi_set_pscan_chan     0x080399c1     0x12  Code  Gb  wifi_conf.o [2]
wifi_set_tdma_param     0x0803940d     0x14  Code  Gb  wifi_conf.o [2]
wifi_show_setting       0x08039a7f     0xa6  Code  Gb  wifi_conf.o [2]
wifi_sniffer            0x0804fb11     0x3a  Code  Gb  wifi_sniffer.o [2]
wifi_sniffer_init_thread
                        0x0804fac3     0x4e  Code  Gb  wifi_sniffer.o [2]
wifi_start_ap           0x0803943d     0x78  Code  Gb  wifi_conf.o [2]
wifi_unreg_event_handler
                        0x080168b9     0x30  Code  Gb  wifi_ind.o [2]
wifirate2_ratetbl_inx {Abs}
                        0x00017015            --   Gb  command line/config [3]
wireless_send_event     0x0802b393      0xa  Code  Gb  freertos_ioctl.o [9]
wlancmds                0x0801bf00    0x1f8  Data  Gb  rtw_cmd.o [9]
wlanevents              0x08024d38     0xc0  Data  Lc  rtw_mlme_ext.o [9]
wlanhdr_to_ethhdr       0x080263ab    0x126  Code  Gb  rtw_recv.o [9]
wpa_global_PSK          0x1000fb68     0x50  Data  Gb  rtw_psk.o [9]
wpa_set_encryption      0x0802b58d    0x180  Code  Lc  freertos_ioctl.o [9]
wrapper_skbbuf_list     0x1000fde0      0x8  Data  Lc  freertos_skbuff.o [9]
write_cam               0x08019539     0x10  Code  Gb  rtw_wlan_util.o [9]
write_cam_rom {Abs}     0x00016f0d            --   Gb  command line/config [3]
xActiveTimerList1       0x1000f4d0     0x14  Data  Lc  timers.o [2]
xActiveTimerList2       0x1000f4e4     0x14  Data  Lc  timers.o [2]
xBlockAllocatedBit      0x10005784      0x4  Data  Lc  heap_5.o [2]
xDelayedTaskList1       0x100058b0     0x14  Data  Lc  tasks.o [2]
xDelayedTaskList2       0x100058c4     0x14  Data  Lc  tasks.o [2]
xFreeBytesRemaining     0x1000577c      0x4  Data  Lc  heap_5.o [2]
xHeapRegions            0x10005750     0x20  Data  Gb  heap_5.o [2]
xMCtrl {Abs}            0x10000fb8            --   Gb  command line/config [3]
xMaximumPossibleSuppressedTicks
                        0x1000f25c      0x4  Data  Lc  port.o [2]
xMinimumEverFreeBytesRemaining
                        0x10005780      0x4  Data  Lc  heap_5.o [2]
xModemDebug {Abs}       0x0000e2dd            --   Gb  command line/config [3]
xModemDebugInit {Abs}   0x0000e2a5            --   Gb  command line/config [3]
xModemGetFirst {Abs}    0x0000e339            --   Gb  command line/config [3]
xModemGetOthers {Abs}   0x0000e45d            --   Gb  command line/config [3]
xModemHandshake {Abs}   0x0000e6d5            --   Gb  command line/config [3]
xModemInquiry {Abs}     0x0000e315            --   Gb  command line/config [3]
xModemRxBuffer {Abs}    0x0000e945            --   Gb  command line/config [3]
xModemRxFrame {Abs}     0x0000e691            --   Gb  command line/config [3]
xNextTaskUnblockTime    0x100058a8      0x4  Data  Lc  tasks.o [2]
xNumOfOverflows         0x100058a0      0x4  Data  Lc  tasks.o [2]
xPendingReadyList       0x1000583c     0x14  Data  Lc  tasks.o [2]
xPortGetFreeHeapSize    0x08011177      0x6  Code  Gb  heap_5.o [2]
xPortPendSVHandler      0x08053149           Code  Gb  portasm.o [2]
xPortStartScheduler     0x0800f981     0x34  Code  Gb  port.o [2]
xPortSysTickHandler     0x0800f9f1     0x1e  Code  Gb  port.o [2]
xQueueCreateCountingSemaphore
                        0x0800eceb     0x12  Code  Gb  queue.o [2]
xQueueCreateMutex       0x0800eca1     0x40  Code  Gb  queue.o [2]
xQueueGenericCreate     0x0800ec65     0x3c  Code  Gb  queue.o [2]
xQueueGenericReceive    0x0800ee2d     0xfa  Code  Gb  queue.o [2]
xQueueGenericReset      0x0800ec05     0x60  Code  Gb  queue.o [2]
xQueueGenericSend       0x0800ecfd     0xc4  Code  Gb  queue.o [2]
xQueueGenericSendFromISR
                        0x0800edc1     0x6c  Code  Gb  queue.o [2]
xSchedulerRunning       0x10005894      0x4  Data  Lc  tasks.o [2]
xStart                  0x10005770      0x8  Data  Lc  heap_5.o [2]
xSuspendedTaskList      0x10005874     0x14  Data  Lc  tasks.o [2]
xTaskCheckForTimeOut    0x0800f6a5     0x3c  Code  Gb  tasks.o [2]
xTaskGenericCreate      0x0800f0b1    0x118  Code  Gb  tasks.o [2]
xTaskGetSchedulerState  0x0800f80f     0x16  Code  Gb  tasks.o [2]
xTaskGetTickCount       0x0800f457      0xc  Code  Gb  tasks.o [2]
xTaskGetTickCountFromISR
                        0x0800f46b     0x14  Code  Gb  tasks.o [2]
xTaskIncrementTick      0x0800f497     0xb0  Code  Gb  tasks.o [2]
xTaskPriorityDisinherit
                        0x0800f8a5     0x6a  Code  Gb  tasks.o [2]
xTaskRemoveFromEventList
                        0x0800f63b     0x38  Code  Gb  tasks.o [2]
xTaskResumeAll          0x0800f3cb     0x8c  Code  Gb  tasks.o [2]
xTasksWaitingTermination
                        0x10005850     0x14  Data  Lc  tasks.o [2]
xTickCount              0x1000588c      0x4  Data  Lc  tasks.o [2]
xTimerCreate            0x0801126b     0x3a  Code  Gb  timers.o [2]
xTimerCreateTimerTask   0x08011235     0x36  Code  Gb  timers.o [2]
xTimerGenericCommand    0x080112a5     0x98  Code  Gb  timers.o [2]
xTimerIsTimerActive     0x08011557     0x1a  Code  Gb  timers.o [2]
xTimerQueue             0x1000f4c4      0x4  Data  Lc  timers.o [2]
xTimerTaskHandle        0x1000f4c8      0x4  Data  Lc  timers.o [2]
xYieldPending           0x1000589c      0x4  Data  Lc  tasks.o [2]
xmit_delivery_enabled_frames
                        0x0801e1c7     0xf6  Code  Gb  rtw_xmit.o [9]
xmitframe_addmic        0x0801d363    0x17a  Code  Gb  rtw_xmit.o [9]
xmitframe_enqueue_for_sleeping_sta
                        0x0801dcd7    0x18c  Code  Gb  rtw_xmit.o [9]
xmitframe_swencrypt     0x0801d4e3     0x30  Code  Gb  rtw_xmit.o [9]
xmodem_log_close {Abs}  0x0000e9f5            --   Gb  command line/config [3]
xmodem_log_open {Abs}   0x0000ea01            --   Gb  command line/config [3]
xmodem_uart_deinit {Abs}
                        0x0000eb25            --   Gb  command line/config [3]
xmodem_uart_getc {Abs}  0x0000ec0d            --   Gb  command line/config [3]
xmodem_uart_init {Abs}  0x0000ea39            --   Gb  command line/config [3]
xmodem_uart_port_deinit {Abs}
                        0x0000eb99            --   Gb  command line/config [3]
xmodem_uart_port_init {Abs}
                        0x0000eb35            --   Gb  command line/config [3]
xmodem_uart_putc {Abs}  0x0000ec35            --   Gb  command line/config [3]
xmodem_uart_putdata {Abs}
                        0x0000ec49            --   Gb  command line/config [3]
xmodem_uart_readable {Abs}
                        0x0000ebdd            --   Gb  command line/config [3]
xmodem_uart_writable {Abs}
                        0x0000ebf5            --   Gb  command line/config [3]
xnetif                  0x10009d24     0x78  Data  Gb  lwip_netconf.o [2]
zero_bssid              0x08049fc4      0x8  Data  Gb  rtw_promisc.o [9]


[1] = F:\RTL8710workspace\00009982-sdk-ameba-v4.0c\sdk-ameba-v4.0c\project\wifi_sniffer\EWARM-RELEASE\..\..\..\component\soc\realtek\8711b\misc\bsp\image
[2] = F:\RTL8710workspace\00009982-sdk-ameba-v4.0c\sdk-ameba-v4.0c\project\wifi_sniffer\EWARM-RELEASE\Debug\Obj
[3] = command line
[4] = dl7M_tln.a
[5] = lib_http.a
[6] = lib_mdns.a
[7] = lib_platform.a
[8] = lib_rtlstd.a
[9] = lib_wlan.a
[10] = lib_xmodem.a
[11] = m7M_tlv.a
[12] = rt7M_tl.a

  289 586 bytes of readonly  code memory
   11 512 bytes of readonly  data memory
  169 473 bytes of readwrite data memory

Errors: none
Warnings: none
